###############################################################################
#
# IAR ELF Linker V9.40.1.364/W64 for ARM                  28/Apr/2026  21:54:11
# Copyright 2007-2023 IAR Systems AB.
#
#    Output file  =
#        D:\car_race\W11_attitude_quaternion_test\iar\project_config\Debug_m7_0\Exe\cyt4bb7_cm_7_0.out
#    Map file     =
#        D:\car_race\W11_attitude_quaternion_test\iar\Debug_m7_0\List\cyt4bb7_cm_7_0.map
#    Command line =
#        -f
#        D:\car_race\W11_attitude_quaternion_test\iar\project_config\Debug_m7_0\Exe\cyt4bb7_cm_7_0.out.rsp
#        (D:\car_race\W11_attitude_quaternion_test\iar\Debug_m7_0\Obj\code_17896468042025673432.dir\app_attitude.o
#        D:\car_race\W11_attitude_quaternion_test\iar\Debug_m7_0\Obj\code_17896468042025673432.dir\app_imu.o
#        D:\car_race\W11_attitude_quaternion_test\iar\Debug_m7_0\Obj\code_17896468042025673432.dir\app_quaternion.o
#        D:\car_race\W11_attitude_quaternion_test\iar\Debug_m7_0\Obj\user_8514941877209965082.dir\cm7_0_isr.o
#        D:\car_race\W11_attitude_quaternion_test\iar\Debug_m7_0\Obj\adc_11722776235721520015.dir\cy_adc.o
#        D:\car_race\W11_attitude_quaternion_test\iar\Debug_m7_0\Obj\button_4990804375159372270.dir\cy_button.o
#        D:\car_race\W11_attitude_quaternion_test\iar\Debug_m7_0\Obj\canfd_1800690984773873875.dir\cy_canfd.o
#        D:\car_race\W11_attitude_quaternion_test\iar\Debug_m7_0\Obj\cpu_15938736945165268644.dir\cy_cpu.o
#        D:\car_race\W11_attitude_quaternion_test\iar\Debug_m7_0\Obj\crypto_1190170608956581615.dir\cy_crypto_config.o
#        D:\car_race\W11_attitude_quaternion_test\iar\Debug_m7_0\Obj\eth_phy_18133017486186456677.dir\cy_dp83867.o
#        D:\car_race\W11_attitude_quaternion_test\iar\Debug_m7_0\Obj\ethernet_6029839089178797009.dir\cy_ethif.o
#        D:\car_race\W11_attitude_quaternion_test\iar\Debug_m7_0\Obj\evtgen_3404189088603873129.dir\cy_evtgen.o
#        D:\car_race\W11_attitude_quaternion_test\iar\Debug_m7_0\Obj\flash_8529866181315662935.dir\cy_flash.o
#        D:\car_race\W11_attitude_quaternion_test\iar\Debug_m7_0\Obj\gpio_3999404635324069351.dir\cy_gpio.o
#        D:\car_race\W11_attitude_quaternion_test\iar\Debug_m7_0\Obj\audioss_1346650047966882938.dir\cy_i2s.o
#        D:\car_race\W11_attitude_quaternion_test\iar\Debug_m7_0\Obj\rev_b_6162237342861132223.dir\cy_interrupt_map.o
#        D:\car_race\W11_attitude_quaternion_test\iar\Debug_m7_0\Obj\ipc_10145506163450686023.dir\cy_ipc_drv.o
#        D:\car_race\W11_attitude_quaternion_test\iar\Debug_m7_0\Obj\ipc_10145506163450686023.dir\cy_ipc_pipe.o
#        D:\car_race\W11_attitude_quaternion_test\iar\Debug_m7_0\Obj\ipc_10145506163450686023.dir\cy_ipc_sema.o
#        D:\car_race\W11_attitude_quaternion_test\iar\Debug_m7_0\Obj\lin_18429031207028094880.dir\cy_lin.o
#        D:\car_race\W11_attitude_quaternion_test\iar\Debug_m7_0\Obj\lvd_6353935867039560245.dir\cy_lvd.o
#        D:\car_race\W11_attitude_quaternion_test\iar\Debug_m7_0\Obj\mcwdt_4052485907822033969.dir\cy_mcwdt.o
#        D:\car_race\W11_attitude_quaternion_test\iar\Debug_m7_0\Obj\dma_12106025507578611576.dir\cy_mdma.o
#        D:\car_race\W11_attitude_quaternion_test\iar\Debug_m7_0\Obj\mpu_5663187252346826382.dir\cy_mpu.o
#        D:\car_race\W11_attitude_quaternion_test\iar\Debug_m7_0\Obj\flash_864493325053435817.dir\cy_mw_flash.o
#        D:\car_race\W11_attitude_quaternion_test\iar\Debug_m7_0\Obj\dma_12106025507578611576.dir\cy_pdma.o
#        D:\car_race\W11_attitude_quaternion_test\iar\Debug_m7_0\Obj\power_14453085144426420577.dir\cy_power.o
#        D:\car_race\W11_attitude_quaternion_test\iar\Debug_m7_0\Obj\prot_10722960861768657883.dir\cy_prot.o
#        D:\car_race\W11_attitude_quaternion_test\iar\Debug_m7_0\Obj\scb_15490842639181808494.dir\cy_scb_common.o
#        D:\car_race\W11_attitude_quaternion_test\iar\Debug_m7_0\Obj\scb_15490842639181808494.dir\cy_scb_ezi2c.o
#        D:\car_race\W11_attitude_quaternion_test\iar\Debug_m7_0\Obj\scb_15490842639181808494.dir\cy_scb_i2c.o
#        D:\car_race\W11_attitude_quaternion_test\iar\Debug_m7_0\Obj\scb_15490842639181808494.dir\cy_scb_spi.o
#        D:\car_race\W11_attitude_quaternion_test\iar\Debug_m7_0\Obj\scb_15490842639181808494.dir\cy_scb_uart.o
#        D:\car_race\W11_attitude_quaternion_test\iar\Debug_m7_0\Obj\sd_host_2982766354293506895.dir\cy_sd_host.o
#        D:\car_race\W11_attitude_quaternion_test\iar\Debug_m7_0\Obj\semihosting_143864889731838620.dir\cy_semihosting.o
#        D:\car_race\W11_attitude_quaternion_test\iar\Debug_m7_0\Obj\smartio_5451710003740070188.dir\cy_smartio.o
#        D:\car_race\W11_attitude_quaternion_test\iar\Debug_m7_0\Obj\smif_427648126384146252.dir\cy_smif.o
#        D:\car_race\W11_attitude_quaternion_test\iar\Debug_m7_0\Obj\smif_mem_6470536964353725183.dir\cy_smif_device_common.o
#        D:\car_race\W11_attitude_quaternion_test\iar\Debug_m7_0\Obj\smif_mem_6470536964353725183.dir\cy_smif_hb_flash.o
#        D:\car_race\W11_attitude_quaternion_test\iar\Debug_m7_0\Obj\smif_427648126384146252.dir\cy_smif_memslot.o
#        D:\car_race\W11_attitude_quaternion_test\iar\Debug_m7_0\Obj\smif_mem_6470536964353725183.dir\cy_smif_s25fl.o
#        D:\car_race\W11_attitude_quaternion_test\iar\Debug_m7_0\Obj\smif_mem_6470536964353725183.dir\cy_smif_s25fs.o
#        D:\car_race\W11_attitude_quaternion_test\iar\Debug_m7_0\Obj\smif_mem_6470536964353725183.dir\cy_smif_semp.o
#        D:\car_race\W11_attitude_quaternion_test\iar\Debug_m7_0\Obj\smif_427648126384146252.dir\cy_smif_ver_specific.o
#        D:\car_race\W11_attitude_quaternion_test\iar\Debug_m7_0\Obj\srom_13018798572330080582.dir\cy_srom.o
#        D:\car_race\W11_attitude_quaternion_test\iar\Debug_m7_0\Obj\sw_timer_4215635015939382130.dir\cy_sw_tmr.o
#        D:\car_race\W11_attitude_quaternion_test\iar\Debug_m7_0\Obj\sysclk_16149231235676103872.dir\cy_sysclk.o
#        D:\car_race\W11_attitude_quaternion_test\iar\Debug_m7_0\Obj\sysflt_12293435975120599261.dir\cy_sysflt.o
#        D:\car_race\W11_attitude_quaternion_test\iar\Debug_m7_0\Obj\sysint_7435970359207984181.dir\cy_sysint.o
#        D:\car_race\W11_attitude_quaternion_test\iar\Debug_m7_0\Obj\syslib_16330585751512546975.dir\cy_syslib.o
#        D:\car_race\W11_attitude_quaternion_test\iar\Debug_m7_0\Obj\syslib_16330585751512546975.dir\cy_syslib_iar.o
#        D:\car_race\W11_attitude_quaternion_test\iar\Debug_m7_0\Obj\syspm_10887939769544754770.dir\cy_syspm.o
#        D:\car_race\W11_attitude_quaternion_test\iar\Debug_m7_0\Obj\sysreghc_17676636058511625587.dir\cy_sysreghc.o
#        D:\car_race\W11_attitude_quaternion_test\iar\Debug_m7_0\Obj\sysreset_14586141425677365288.dir\cy_sysreset.o
#        D:\car_race\W11_attitude_quaternion_test\iar\Debug_m7_0\Obj\sysrtc_10747768817563771611.dir\cy_sysrtc.o
#        D:\car_race\W11_attitude_quaternion_test\iar\Debug_m7_0\Obj\systick_16016591671695740695.dir\cy_systick.o
#        D:\car_race\W11_attitude_quaternion_test\iar\Debug_m7_0\Obj\syswdt_9118657615806274156.dir\cy_syswdt.o
#        D:\car_race\W11_attitude_quaternion_test\iar\Debug_m7_0\Obj\tcpwm_422923530147891246.dir\cy_tcpwm.o
#        D:\car_race\W11_attitude_quaternion_test\iar\Debug_m7_0\Obj\tcpwm_422923530147891246.dir\cy_tcpwm_counter.o
#        D:\car_race\W11_attitude_quaternion_test\iar\Debug_m7_0\Obj\tcpwm_422923530147891246.dir\cy_tcpwm_pwm.o
#        D:\car_race\W11_attitude_quaternion_test\iar\Debug_m7_0\Obj\tcpwm_422923530147891246.dir\cy_tcpwm_quaddec.o
#        D:\car_race\W11_attitude_quaternion_test\iar\Debug_m7_0\Obj\tcpwm_422923530147891246.dir\cy_tcpwm_sr.o
#        D:\car_race\W11_attitude_quaternion_test\iar\Debug_m7_0\Obj\trigmux_9729677290734583340.dir\cy_trigmux.o
#        D:\car_race\W11_attitude_quaternion_test\iar\Debug_m7_0\Obj\ethernet_6029839089178797009.dir\edd.o
#        D:\car_race\W11_attitude_quaternion_test\iar\Debug_m7_0\Obj\ethernet_6029839089178797009.dir\edd_rx.o
#        D:\car_race\W11_attitude_quaternion_test\iar\Debug_m7_0\Obj\ethernet_6029839089178797009.dir\edd_tx.o
#        D:\car_race\W11_attitude_quaternion_test\iar\Debug_m7_0\Obj\user_8514941877209965082.dir\main_cm7_0.o
#        D:\car_race\W11_attitude_quaternion_test\iar\Debug_m7_0\Obj\zf_components_14936052685886095442.dir\seekfree_assistant.o
#        D:\car_race\W11_attitude_quaternion_test\iar\Debug_m7_0\Obj\zf_components_14936052685886095442.dir\seekfree_assistant_interface.o
#        D:\car_race\W11_attitude_quaternion_test\iar\Debug_m7_0\Obj\startup_479057977785470282.dir\startup.o
#        D:\car_race\W11_attitude_quaternion_test\iar\Debug_m7_0\Obj\startup_479057977785470282.dir\startup_cm7.o
#        D:\car_race\W11_attitude_quaternion_test\iar\Debug_m7_0\Obj\rev_b_4986922561640112550.dir\system_tviibh4m_cm7.o
#        D:\car_race\W11_attitude_quaternion_test\iar\Debug_m7_0\Obj\zf_common_1201165462030747823.dir\zf_common_clock.o
#        D:\car_race\W11_attitude_quaternion_test\iar\Debug_m7_0\Obj\zf_common_1201165462030747823.dir\zf_common_debug.o
#        D:\car_race\W11_attitude_quaternion_test\iar\Debug_m7_0\Obj\zf_common_1201165462030747823.dir\zf_common_fifo.o
#        D:\car_race\W11_attitude_quaternion_test\iar\Debug_m7_0\Obj\zf_common_1201165462030747823.dir\zf_common_font.o
#        D:\car_race\W11_attitude_quaternion_test\iar\Debug_m7_0\Obj\zf_common_1201165462030747823.dir\zf_common_function.o
#        D:\car_race\W11_attitude_quaternion_test\iar\Debug_m7_0\Obj\zf_common_1201165462030747823.dir\zf_common_interrupt.o
#        D:\car_race\W11_attitude_quaternion_test\iar\Debug_m7_0\Obj\zf_device_6570275422786408770.dir\zf_device_ble6a20.o
#        D:\car_race\W11_attitude_quaternion_test\iar\Debug_m7_0\Obj\zf_device_6570275422786408770.dir\zf_device_dl1a.o
#        D:\car_race\W11_attitude_quaternion_test\iar\Debug_m7_0\Obj\zf_device_6570275422786408770.dir\zf_device_dl1b.o
#        D:\car_race\W11_attitude_quaternion_test\iar\Debug_m7_0\Obj\zf_device_6570275422786408770.dir\zf_device_gnss.o
#        D:\car_race\W11_attitude_quaternion_test\iar\Debug_m7_0\Obj\zf_device_6570275422786408770.dir\zf_device_icm20602.o
#        D:\car_race\W11_attitude_quaternion_test\iar\Debug_m7_0\Obj\zf_device_6570275422786408770.dir\zf_device_imu660ra.o
#        D:\car_race\W11_attitude_quaternion_test\iar\Debug_m7_0\Obj\zf_device_6570275422786408770.dir\zf_device_imu660rb.o
#        D:\car_race\W11_attitude_quaternion_test\iar\Debug_m7_0\Obj\zf_device_6570275422786408770.dir\zf_device_imu660rc.o
#        D:\car_race\W11_attitude_quaternion_test\iar\Debug_m7_0\Obj\zf_device_6570275422786408770.dir\zf_device_imu963ra.o
#        D:\car_race\W11_attitude_quaternion_test\iar\Debug_m7_0\Obj\zf_device_6570275422786408770.dir\zf_device_ips114.o
#        D:\car_race\W11_attitude_quaternion_test\iar\Debug_m7_0\Obj\zf_device_6570275422786408770.dir\zf_device_ips200.o
#        D:\car_race\W11_attitude_quaternion_test\iar\Debug_m7_0\Obj\zf_device_6570275422786408770.dir\zf_device_ips200pro.o
#        D:\car_race\W11_attitude_quaternion_test\iar\Debug_m7_0\Obj\zf_device_6570275422786408770.dir\zf_device_key.o
#        D:\car_race\W11_attitude_quaternion_test\iar\Debug_m7_0\Obj\zf_device_6570275422786408770.dir\zf_device_menc15a.o
#        D:\car_race\W11_attitude_quaternion_test\iar\Debug_m7_0\Obj\zf_device_6570275422786408770.dir\zf_device_mt9v03x.o
#        D:\car_race\W11_attitude_quaternion_test\iar\Debug_m7_0\Obj\zf_device_6570275422786408770.dir\zf_device_oled.o
#        D:\car_race\W11_attitude_quaternion_test\iar\Debug_m7_0\Obj\zf_device_6570275422786408770.dir\zf_device_pmw3901.o
#        D:\car_race\W11_attitude_quaternion_test\iar\Debug_m7_0\Obj\zf_device_6570275422786408770.dir\zf_device_tft180.o
#        D:\car_race\W11_attitude_quaternion_test\iar\Debug_m7_0\Obj\zf_device_6570275422786408770.dir\zf_device_tsl1401.o
#        D:\car_race\W11_attitude_quaternion_test\iar\Debug_m7_0\Obj\zf_device_6570275422786408770.dir\zf_device_type.o
#        D:\car_race\W11_attitude_quaternion_test\iar\Debug_m7_0\Obj\zf_device_6570275422786408770.dir\zf_device_uart_receiver.o
#        D:\car_race\W11_attitude_quaternion_test\iar\Debug_m7_0\Obj\zf_device_6570275422786408770.dir\zf_device_wifi_spi.o
#        D:\car_race\W11_attitude_quaternion_test\iar\Debug_m7_0\Obj\zf_device_6570275422786408770.dir\zf_device_wifi_uart.o
#        D:\car_race\W11_attitude_quaternion_test\iar\Debug_m7_0\Obj\zf_device_6570275422786408770.dir\zf_device_wireless_uart.o
#        D:\car_race\W11_attitude_quaternion_test\iar\Debug_m7_0\Obj\zf_driver_11922370083829174090.dir\zf_driver_adc.o
#        D:\car_race\W11_attitude_quaternion_test\iar\Debug_m7_0\Obj\zf_driver_11922370083829174090.dir\zf_driver_delay.o
#        D:\car_race\W11_attitude_quaternion_test\iar\Debug_m7_0\Obj\zf_driver_11922370083829174090.dir\zf_driver_dma.o
#        D:\car_race\W11_attitude_quaternion_test\iar\Debug_m7_0\Obj\zf_driver_11922370083829174090.dir\zf_driver_encoder.o
#        D:\car_race\W11_attitude_quaternion_test\iar\Debug_m7_0\Obj\zf_driver_11922370083829174090.dir\zf_driver_exti.o
#        D:\car_race\W11_attitude_quaternion_test\iar\Debug_m7_0\Obj\zf_driver_11922370083829174090.dir\zf_driver_flash.o
#        D:\car_race\W11_attitude_quaternion_test\iar\Debug_m7_0\Obj\zf_driver_11922370083829174090.dir\zf_driver_gpio.o
#        D:\car_race\W11_attitude_quaternion_test\iar\Debug_m7_0\Obj\zf_driver_11922370083829174090.dir\zf_driver_ipc.o
#        D:\car_race\W11_attitude_quaternion_test\iar\Debug_m7_0\Obj\zf_driver_11922370083829174090.dir\zf_driver_pit.o
#        D:\car_race\W11_attitude_quaternion_test\iar\Debug_m7_0\Obj\zf_driver_11922370083829174090.dir\zf_driver_pwm.o
#        D:\car_race\W11_attitude_quaternion_test\iar\Debug_m7_0\Obj\zf_driver_11922370083829174090.dir\zf_driver_soft_iic.o
#        D:\car_race\W11_attitude_quaternion_test\iar\Debug_m7_0\Obj\zf_driver_11922370083829174090.dir\zf_driver_soft_spi.o
#        D:\car_race\W11_attitude_quaternion_test\iar\Debug_m7_0\Obj\zf_driver_11922370083829174090.dir\zf_driver_spi.o
#        D:\car_race\W11_attitude_quaternion_test\iar\Debug_m7_0\Obj\zf_driver_11922370083829174090.dir\zf_driver_timer.o
#        D:\car_race\W11_attitude_quaternion_test\iar\Debug_m7_0\Obj\zf_driver_11922370083829174090.dir\zf_driver_uart.o
#        --no_out_extension -o
#        D:\car_race\W11_attitude_quaternion_test\iar\project_config\Debug_m7_0\Exe\cyt4bb7_cm_7_0.out
#        --config_def _CORE_cm7_0_=0 --config_def _LINK_flash_=0 --map
#        D:\car_race\W11_attitude_quaternion_test\iar\Debug_m7_0\List\cyt4bb7_cm_7_0.map
#        --config
#        D:\car_race\W11_attitude_quaternion_test\iar\project_config\..\icf\linker_directives_tviibh.icf
#        --semihosting
#        D:\car_race\W11_attitude_quaternion_test\iar\project_config\..\..\..\libraries\sdk\tviibh4m\src\drivers\crypto\libs\libcrypto_server_cm0plus_iar.a
#        D:\car_race\W11_attitude_quaternion_test\iar\project_config\..\..\..\libraries\zf_device\zf_device_config.a
#        D:\car_race\W11_attitude_quaternion_test\iar\project_config\..\..\..\libraries\sdk\common\hdr\cmsis\dsp\iar_cortexM7lf_math.a
#        --entry __iar_program_start --vfe --text_out locale --cpu=Cortex-M7
#        --fpu=VFPv5_d16) --dependencies=n
#        D:\car_race\W11_attitude_quaternion_test\iar\project_config\Debug_m7_0\Exe\cyt4bb7_cm_7_0.out.iar_deps
#
###############################################################################

*******************************************************************************
*** RUNTIME MODEL ATTRIBUTES
***

CppFlavor       = *
__CPP_Runtime   = 1
__Heap_Handler  = Basic
__SystemLibrary = DLib
__dlib_version  = 6


*******************************************************************************
*** HEAP SELECTION
***

The basic heap was selected because --advanced_heap
was not specified and the application did not appear to
be primarily optimized for speed.


*******************************************************************************
*** PLACEMENT SUMMARY
***

"A0":  place at start of [from 0x1008'0000 to 0x1027'ffff] { section .intvec };
"P1":  place in [from 0x1008'0000 to 0x1027'ffff] { ro };
"P2":  place in [from 0x2802'0000 to 0x2807'ffff] { rw };
define block HEAP with size = 1K, alignment = 8 { };
define block CSTACK with size = 8K, alignment = 8 { };
define block HEAP_STACK { block HEAP, last block CSTACK };
"A1":  place at end of [from 0x2802'0000 to 0x2807'ffff] { block HEAP_STACK };
do not initialize { section .intvec_ram };
initialize by copy { rw };

No sections matched the following patterns:

  ro section .sflash_app_prot  in "P6"
  ro section .sflash_nar       in "P4"
  ro section .sflash_pkey      in "P5"
  ro section .sflash_toc2      in "P7"
  ro section .sflash_uf_rows   in "P3"
  ro section .work_flash       in "P8"
  section .global_ram_data     in "P9"


  Section            Kind         Address    Size  Object
  -------            ----         -------    ----  ------
"A0":                                        0x80
  .intvec            ro code  0x1008'0000    0x80  startup_cm7.o [31]
                            - 0x1008'0080    0x80

"P1":                                      0x6923
  .text              ro code  0x1008'0080   0xeae  xprintffull_nomb.o [50]
  .text              ro code  0x1008'0f2e    0x7e  lz77_init_single.o [52]
  .text              ro code  0x1008'0fac    0x16  strchr.o [52]
  .text              ro code  0x1008'0fc2     0xa  xsprout.o [50]
  .text              ro code  0x1008'0fcc    0x40  xfail_s.o [50]
  .text              ro code  0x1008'100c    0x36  strlen.o [52]
  .text              ro code  0x1008'1044    0x58  memchr.o [52]
  .text              ro code  0x1008'109c    0xa6  ABImemcpy.o [52]
  .text              ro code  0x1008'1144    0x70  frexp.o [51]
  .text              ro code  0x1008'11b4    0x34  DblCmpLe.o [51]
  .text              ro code  0x1008'11e8    0x34  DblCmpGe.o [51]
  .text              ro code  0x1008'121c   0x104  ldexp.o [51]
  .text              ro code  0x1008'1320     0xe  DblToS32.o [51]
  .text              ro code  0x1008'132e     0xe  S32ToDbl.o [51]
  .text              ro code  0x1008'133c    0x12  DblSub.o [51]
  .text              ro code  0x1008'134e    0x12  DblDiv.o [51]
  .text              ro code  0x1008'1360     0xe  DblToU32.o [51]
  .text              ro code  0x1008'136e     0xe  U32ToDbl.o [51]
  .text              ro code  0x1008'137c    0x12  DblMul.o [51]
  .text              ro code  0x1008'1390   0x230  I64DivMod.o [52]
  .text              ro code  0x1008'15c0     0x6  abort.o [50]
  .text              ro code  0x1008'15c8     0x2  I64DivZer.o [52]
  .text              ro code  0x1008'15cc    0x14  exit.o [53]
  .text              ro code  0x1008'15e0   0xaec  zf_driver_uart.o [49]
  .text              ro code  0x1008'20cc   0x430  zf_common_debug.o [46]
  .text              ro code  0x1008'24fc     0x6  ABImemclr4.o [52]
  .text              ro code  0x1008'2504    0x66  ABImemset.o [52]
  .text              ro code  0x1008'256c   0x194  cy_gpio.o [14]
  .text              ro code  0x1008'2700   0x314  cy_scb_uart.o [24]
  .text              ro code  0x1008'2a14    0xe2  zf_common_interrupt.o [46]
  .text              ro code  0x1008'2af8    0x40  sprintf.o [50]
  .text              ro code  0x1008'2b38   0x448  zf_common_fifo.o [46]
  .text              ro code  0x1008'2f80    0x32  ABImemset48.o [52]
  .text              ro code  0x1008'2fb4    0x20  zf_driver_pwm.o [49]
  .text              ro code  0x1008'2fd4    0xac  cy_sysint.o [35]
  .text              ro code  0x1008'3080   0x8e8  cy_sysclk.o [33]
  .text              ro code  0x1008'3968    0x70  strncpy.o [52]
  .text              ro code  0x1008'39d8    0xa8  cy_syslib.o [36]
  .text              ro code  0x1008'3a80     0x2  cy_syslib.o [36]
  .text              ro code  0x1008'3a84   0x698  zf_driver_soft_iic.o [49]
  .text              ro code  0x1008'411c   0x17c  zf_driver_gpio.o [49]
  .text              ro code  0x1008'4298   0x458  app_quaternion.o [5]
  .text              ro code  0x1008'46f0    0x1e  sqrtf.o [51]
  .text              ro code  0x1008'4710    0x6a  atan2f.o [51]
  .text              ro code  0x1008'477c    0x5c  asinf.o [51]
  .text              ro code  0x1008'47d8   0x1d4  cos_sin32.o [51]
  .text              ro code  0x1008'49ac    0xa4  xatanf.o [51]
  .text              ro code  0x1008'4a50   0x398  zf_driver_pit.o [49]
  .text              ro code  0x1008'4de8   0x1ae  cy_tcpwm_counter.o [43]
  .text              ro code  0x1008'4f96     0xc  cy_tcpwm.o [43]
  .text              ro code  0x1008'4fa4   0x390  zf_device_imu963ra.o [48]
  .text              ro code  0x1008'5334   0x284  zf_driver_delay.o [49]
  .text              ro code  0x1008'55b8   0x24c  app_imu.o [5]
  .text              ro code  0x1008'5804    0x28  printf.o [50]
  .text              ro code  0x1008'582c   0x204  startup.o [31]
  .text              ro code  0x1008'5a30   0x150  system_tviibh4m_cm7.o [22]
  .text              ro code  0x1008'5b80     0x8  startup_cm7.o [31]
  .text              ro code  0x1008'5b88     0x6  startup_cm7.o [31]
  .text              ro code  0x1008'5b90   0x198  cy_interrupt_map.o [23]
  .text              ro code  0x1008'5d28   0x174  cm7_0_isr.o [45]
  .text              ro code  0x1008'5e9c    0x7c  zf_device_tsl1401.o [48]
  .text              ro code  0x1008'5f18   0x116  main_cm7_0.o [45]
  .text              ro code  0x1008'6030   0x114  zf_device_gnss.o [48]
  .text              ro code  0x1008'6144    0x74  zf_driver_adc.o [49]
  .text              ro code  0x1008'61b8    0x1c  zf_common_clock.o [46]
  .text              ro code  0x1008'61d4    0x2a  strncmp.o [50]
  .text              ro code  0x1008'6200    0xb0  startup_cm7.o [31]
  .rodata            const    0x1008'62b0    0x44  cy_sysclk.o [33]
  .rodata            const    0x1008'62f4    0x44  cy_sysclk.o [33]
  .rodata            const    0x1008'6338    0x44  system_tviibh4m_cm7.o [22]
  .rodata            const    0x1008'637c    0x38  zf_device_imu963ra.o [48]
  .rodata            const    0x1008'63b4    0x38  zf_driver_soft_iic.o [49]
  .text              ro code  0x1008'63ec    0x38  zero_init3.o [52]
  .rodata            const    0x1008'6424    0x34  zf_common_fifo.o [46]
  .rodata            const    0x1008'6458    0x34  zf_driver_uart.o [49]
  .rodata            const    0x1008'648c    0x28  app_imu.o [5]
  .rodata            const    0x1008'64b4    0x28  zf_device_imu963ra.o [48]
  .text              ro code  0x1008'64dc    0x28  data_init.o [52]
  .text              ro code  0x1008'6504    0x22  fpinit_M.o [51]
  .iar.init_table    const    0x1008'6528    0x20  - Linker created -
  .rodata            const    0x1008'6548    0x20  app_imu.o [5]
  .rodata            const    0x1008'6568    0x20  zf_device_imu963ra.o [48]
  .text              ro code  0x1008'6588    0x20  startup_cm7.o [31]
  .text              ro code  0x1008'65a8    0x20  putchar.o [50]
  .text              ro code  0x1008'65d0    0x1e  cy_syslib_iar.o [36]
  .text              ro code  0x1008'65f0    0x1e  cmain.o [52]
  .text              ro code  0x1008'6610     0x4  startup_cm7.o [31]
  .text              ro code  0x1008'6614     0x4  exit.o [50]
  .text              ro code  0x1008'6618     0xa  cexit.o [52]
  .rodata            const    0x1008'6624    0x1c  app_imu.o [5]
  .rodata            const    0x1008'6640    0x1c  app_imu.o [5]
  .rodata            const    0x1008'665c    0x1c  zf_common_debug.o [46]
  .text              ro code  0x1008'6678    0x1c  startup_cm7.o [31]
  .text              ro code  0x1008'6694    0x1c  cstartup_M.o [52]
  .rodata            const    0x1008'66b0    0x18  app_imu.o [5]
  .rodata            const    0x1008'66c8    0x18  startup.o [31]
  .rodata            const    0x1008'66e0    0x18  system_tviibh4m_cm7.o [22]
  .rodata            const    0x1008'66f8    0x18  zf_common_debug.o [46]
  .text              ro code  0x1008'6710    0x16  xprout.o [50]
  .rodata            const    0x1008'6728    0x14  app_imu.o [5]
  .rodata            const    0x1008'673c    0x10  zf_common_debug.o [46]
  .rodata            const    0x1008'674c    0x10  zf_common_debug.o [46]
  .rodata            const    0x1008'675c     0xc  main_cm7_0.o [45]
  .rodata            const    0x1008'6768     0xc  zf_common_debug.o [46]
  .rodata            const    0x1008'6774     0xc  zf_common_debug.o [46]
  .rodata            const    0x1008'6780     0xc  zf_common_debug.o [46]
  .text              ro code  0x1008'678c     0xc  cy_syslib.o [36]
  .rodata            const    0x1008'6798     0x8  cy_sysclk.o [33]
  .rodata            const    0x1008'67a0     0x4  cy_interrupt_map.o [23]
  .rodata            const    0x1008'67a4     0x4  cy_interrupt_map.o [23]
  .rodata            const    0x1008'67a8     0x4  cy_interrupt_map.o [23]
  .rodata            const    0x1008'67ac     0x4  cy_interrupt_map.o [23]
  .rodata            const    0x1008'67b0     0x4  cy_interrupt_map.o [23]
  .rodata            const    0x1008'67b4     0x4  cy_interrupt_map.o [23]
  .rodata            const    0x1008'67b8     0x4  cy_interrupt_map.o [23]
  .rodata            const    0x1008'67bc     0x4  cy_interrupt_map.o [23]
  .rodata            const    0x1008'67c0     0x4  cy_scb_uart.o [24]
  .rodata            const    0x1008'67c4     0x4  cy_scb_uart.o [24]
  .rodata            const    0x1008'67c8     0x4  cy_scb_uart.o [24]
  .rodata            const    0x1008'67cc     0x4  cy_scb_uart.o [24]
  .rodata            const    0x1008'67d0     0x4  cy_scb_uart.o [24]
  .rodata            const    0x1008'67d4     0x4  cy_scb_uart.o [24]
  .rodata            const    0x1008'67d8     0x4  cy_scb_uart.o [24]
  .rodata            const    0x1008'67dc     0x4  cy_scb_uart.o [24]
  .rodata            const    0x1008'67e0     0x4  cy_scb_uart.o [24]
  .rodata            const    0x1008'67e4     0x4  cy_scb_uart.o [24]
  .rodata            const    0x1008'67e8     0x4  cy_sysint.o [35]
  .rodata            const    0x1008'67ec     0x4  cy_sysint.o [35]
  .rodata            const    0x1008'67f0     0x4  cy_tcpwm_counter.o [43]
  .rodata            const    0x1008'67f4     0x4  cy_tcpwm_counter.o [43]
  .rodata            const    0x1008'67f8     0x4  cy_tcpwm_counter.o [43]
  .rodata            const    0x1008'67fc     0x4  cy_tcpwm_counter.o [43]
  .rodata            const    0x1008'6800     0x4  cy_tcpwm_counter.o [43]
  .text              ro code  0x1008'6804     0x4  startup_cm7.o [31]
  .text              ro code  0x1008'6808     0x4  startup_cm7.o [31]
  .text              ro code  0x1008'680c     0x4  startup_cm7.o [31]
  .text              ro code  0x1008'6810     0x4  startup_cm7.o [31]
  .text              ro code  0x1008'6814     0x4  startup_cm7.o [31]
  .text              ro code  0x1008'6818     0x4  startup_cm7.o [31]
  .text              ro code  0x1008'681c     0x4  startup_cm7.o [31]
  .text              ro code  0x1008'6820     0x4  startup_cm7.o [31]
  .text              ro code  0x1008'6824     0x4  startup_cm7.o [31]
  .text              ro code  0x1008'6828     0x4  startup_cm7.o [31]
  .text              ro code  0x1008'682c     0x4  startup_cm7.o [31]
  .text              ro code  0x1008'6830     0x4  startup_cm7.o [31]
  .text              ro code  0x1008'6834     0x4  startup_cm7.o [31]
  .text              ro code  0x1008'6838     0x4  startup_cm7.o [31]
  .text              ro code  0x1008'683c     0x4  startup_cm7.o [31]
  .text              ro code  0x1008'6840     0x2  zf_device_type.o [48]
  .rodata            const    0x1008'6842     0x0  zero_init3.o [52]
  .rodata            const    0x1008'6842     0x0  lz77_init_single.o [52]
  Initializer bytes  const    0x1008'6842    0xa1  <for P2-1>
                            - 0x1008'68e3  0x6863

"P2", part 1 of 3:                          0x788
  P2-1                        0x2802'0000   0x788  <Init block>
    .data            inited   0x2802'0000   0x6ec  cy_interrupt_map.o [23]
    .data            inited   0x2802'06ec     0x4  cy_interrupt_map.o [23]
    .data            inited   0x2802'06f0     0xc  zf_device_imu963ra.o [48]
    .data            inited   0x2802'06fc     0x4  zf_device_type.o [48]
    .data            inited   0x2802'0700     0x4  zf_device_type.o [48]
    .data            inited   0x2802'0704     0xc  zf_driver_adc.o [49]
    .data            inited   0x2802'0710    0x3c  zf_driver_pit.o [49]
    .data            inited   0x2802'074c    0x1c  zf_driver_uart.o [49]
    .data            inited   0x2802'0768    0x1c  zf_driver_uart.o [49]
    .data            inited   0x2802'0784     0x2  zf_driver_delay.o [49]
    .data            inited   0x2802'0786     0x1  zf_common_debug.o [46]
    .data            inited   0x2802'0787     0x1  zf_driver_delay.o [49]
                            - 0x2802'0788   0x788

"P2", part 2 of 3:                          0x7b4
  .bss               zero     0x2802'0788   0x200  zf_device_tsl1401.o [48]
  .bss               zero     0x2802'0988   0x188  zf_driver_uart.o [49]
  .bss               zero     0x2802'0b10    0x80  zf_device_gnss.o [48]
  .bss               zero     0x2802'0b90    0x80  zf_device_gnss.o [48]
  .bss               zero     0x2802'0c10    0x80  zf_device_gnss.o [48]
  .bss               zero     0x2802'0c90    0x70  cy_syslib.o [36]
  .bss               zero     0x2802'0d00    0x70  zf_driver_uart.o [49]
  .bss               zero     0x2802'0d70    0x48  zf_driver_adc.o [49]
  .bss               zero     0x2802'0db8    0x40  zf_common_debug.o [46]
  .bss               zero     0x2802'0df8    0x3c  app_quaternion.o [5]
  .bss               zero     0x2802'0e34    0x34  app_imu.o [5]
  .bss               zero     0x2802'0e68    0x18  cy_sysclk.o [33]
  .bss               zero     0x2802'0e80    0x18  cy_syslib.o [36]
  .bss               zero     0x2802'0e98    0x18  zf_common_debug.o [46]
  .bss               zero     0x2802'0eb0    0x18  zf_device_gnss.o [48]
  .bss               zero     0x2802'0ec8    0x14  zf_common_debug.o [46]
  .bss               zero     0x2802'0edc    0x10  zf_device_imu963ra.o [48]
  .bss               zero     0x2802'0eec     0x8  zf_driver_uart.o [49]
  .bss               zero     0x2802'0ef4     0x8  zf_driver_uart.o [49]
  .bss               zero     0x2802'0efc     0x4  cy_syslib.o [36]
  .bss               zero     0x2802'0f00     0x4  system_tviibh4m_cm7.o [22]
  .bss               zero     0x2802'0f04     0x4  system_tviibh4m_cm7.o [22]
  .bss               zero     0x2802'0f08     0x4  system_tviibh4m_cm7.o [22]
  .bss               zero     0x2802'0f0c     0x4  system_tviibh4m_cm7.o [22]
  .bss               zero     0x2802'0f10     0x4  system_tviibh4m_cm7.o [22]
  .bss               zero     0x2802'0f14     0x4  zf_common_clock.o [46]
  .bss               zero     0x2802'0f18     0x4  zf_common_interrupt.o [46]
  .bss               zero     0x2802'0f1c     0x4  xfail_s.o [50]
  .bss               zero     0x2802'0f20     0x2  cm7_0_isr.o [45]
  .bss               zero     0x2802'0f22     0x2  zf_device_imu963ra.o [48]
  .bss               zero     0x2802'0f24     0x2  zf_device_imu963ra.o [48]
  .bss               zero     0x2802'0f26     0x2  zf_device_imu963ra.o [48]
  .bss               zero     0x2802'0f28     0x2  zf_device_imu963ra.o [48]
  .bss               zero     0x2802'0f2a     0x2  zf_device_imu963ra.o [48]
  .bss               zero     0x2802'0f2c     0x2  zf_device_imu963ra.o [48]
  .bss               zero     0x2802'0f2e     0x1  cy_sysclk.o [33]
  .bss               zero     0x2802'0f2f     0x1  main_cm7_0.o [45]
  .bss               zero     0x2802'0f30     0x1  main_cm7_0.o [45]
  .bss               zero     0x2802'0f31     0x1  main_cm7_0.o [45]
  .bss               zero     0x2802'0f32     0x1  main_cm7_0.o [45]
  .bss               zero     0x2802'0f33     0x1  zf_common_debug.o [46]
  .bss               zero     0x2802'0f34     0x1  zf_common_debug.o [46]
  .bss               zero     0x2802'0f35     0x1  zf_device_gnss.o [48]
  .bss               zero     0x2802'0f36     0x1  zf_device_gnss.o [48]
  .bss               zero     0x2802'0f37     0x1  zf_device_gnss.o [48]
  .bss               zero     0x2802'0f38     0x1  zf_device_gnss.o [48]
  .bss               zero     0x2802'0f39     0x1  zf_device_gnss.o [48]
  .bss               zero     0x2802'0f3a     0x1  zf_device_tsl1401.o [48]
  .bss               zero     0x2802'0f3b     0x1  zf_device_tsl1401.o [48]
                            - 0x2802'0f3c   0x7b4

"P2", part 3 of 3:                           0x80
  .intvec_ram        uninit   0x2802'0f80    0x80  startup_cm7.o [31]
                            - 0x2802'1000    0x80

"A1":                                      0x2000
  HEAP_STACK                  0x2807'e000  0x2000  <Block>
    CSTACK                    0x2807'e000  0x2000  <Block>
      CSTACK         uninit   0x2807'e000  0x2000  <Block tail>
                            - 0x2808'0000  0x2000

Unused ranges:

         From           To       Size
         ----           --       ----
  0x1008'69a3  0x1027'ffff  0x1f'965d
  0x2802'0f3c  0x2802'0f7f       0x44
  0x2802'1000  0x2807'dfff   0x5'd000


*******************************************************************************
*** INIT TABLE
***

          Address      Size
          -------      ----
Zero (__iar_zero_init3)
    1 destination range, total size 0x7b4:
          0x2802'0788  0x7b4

Copy/lz77 (__iar_lz77_init_single3)
    1 source range, total size 0xa1 (8% of destination):
          0x1008'6842   0xa1
    1 destination range, total size 0x788:
          0x2802'0000  0x788



*******************************************************************************
*** MODULE SUMMARY
***

    Module                 ro code  ro data  rw data
    ------                 -------  -------  -------
command line/config:
    ------------------------------------------------
    Total:

D:\car_race\W11_attitude_quaternion_test\iar\Debug_m7_0\Obj\adc_11722776235721520015.dir: [1]
    ------------------------------------------------
    Total:

D:\car_race\W11_attitude_quaternion_test\iar\Debug_m7_0\Obj\audioss_1346650047966882938.dir: [2]
    ------------------------------------------------
    Total:

D:\car_race\W11_attitude_quaternion_test\iar\Debug_m7_0\Obj\button_4990804375159372270.dir: [3]
    ------------------------------------------------
    Total:

D:\car_race\W11_attitude_quaternion_test\iar\Debug_m7_0\Obj\canfd_1800690984773873875.dir: [4]
    ------------------------------------------------
    Total:

D:\car_race\W11_attitude_quaternion_test\iar\Debug_m7_0\Obj\code_17896468042025673432.dir: [5]
    app_imu.o                  588      172       52
    app_quaternion.o         1'112                60
    ------------------------------------------------
    Total:                   1'700      172      112

D:\car_race\W11_attitude_quaternion_test\iar\Debug_m7_0\Obj\cpu_15938736945165268644.dir: [6]
    ------------------------------------------------
    Total:

D:\car_race\W11_attitude_quaternion_test\iar\Debug_m7_0\Obj\crypto_1190170608956581615.dir: [7]
    ------------------------------------------------
    Total:

D:\car_race\W11_attitude_quaternion_test\iar\Debug_m7_0\Obj\dma_12106025507578611576.dir: [8]
    ------------------------------------------------
    Total:

D:\car_race\W11_attitude_quaternion_test\iar\Debug_m7_0\Obj\eth_phy_18133017486186456677.dir: [9]
    ------------------------------------------------
    Total:

D:\car_race\W11_attitude_quaternion_test\iar\Debug_m7_0\Obj\ethernet_6029839089178797009.dir: [10]
    ------------------------------------------------
    Total:

D:\car_race\W11_attitude_quaternion_test\iar\Debug_m7_0\Obj\evtgen_3404189088603873129.dir: [11]
    ------------------------------------------------
    Total:

D:\car_race\W11_attitude_quaternion_test\iar\Debug_m7_0\Obj\flash_8529866181315662935.dir: [12]
    ------------------------------------------------
    Total:

D:\car_race\W11_attitude_quaternion_test\iar\Debug_m7_0\Obj\flash_864493325053435817.dir: [13]
    ------------------------------------------------
    Total:

D:\car_race\W11_attitude_quaternion_test\iar\Debug_m7_0\Obj\gpio_3999404635324069351.dir: [14]
    cy_gpio.o                  404
    ------------------------------------------------
    Total:                     404

D:\car_race\W11_attitude_quaternion_test\iar\Debug_m7_0\Obj\ipc_10145506163450686023.dir: [15]
    ------------------------------------------------
    Total:

D:\car_race\W11_attitude_quaternion_test\iar\Debug_m7_0\Obj\lin_18429031207028094880.dir: [16]
    ------------------------------------------------
    Total:

D:\car_race\W11_attitude_quaternion_test\iar\Debug_m7_0\Obj\lvd_6353935867039560245.dir: [17]
    ------------------------------------------------
    Total:

D:\car_race\W11_attitude_quaternion_test\iar\Debug_m7_0\Obj\mcwdt_4052485907822033969.dir: [18]
    ------------------------------------------------
    Total:

D:\car_race\W11_attitude_quaternion_test\iar\Debug_m7_0\Obj\mpu_5663187252346826382.dir: [19]
    ------------------------------------------------
    Total:

D:\car_race\W11_attitude_quaternion_test\iar\Debug_m7_0\Obj\power_14453085144426420577.dir: [20]
    ------------------------------------------------
    Total:

D:\car_race\W11_attitude_quaternion_test\iar\Debug_m7_0\Obj\prot_10722960861768657883.dir: [21]
    ------------------------------------------------
    Total:

D:\car_race\W11_attitude_quaternion_test\iar\Debug_m7_0\Obj\rev_b_4986922561640112550.dir: [22]
    system_tviibh4m_cm7.o      336       92       20
    ------------------------------------------------
    Total:                     336       92       20

D:\car_race\W11_attitude_quaternion_test\iar\Debug_m7_0\Obj\rev_b_6162237342861132223.dir: [23]
    cy_interrupt_map.o         408      180    1'776
    ------------------------------------------------
    Total:                     408      180    1'776

D:\car_race\W11_attitude_quaternion_test\iar\Debug_m7_0\Obj\scb_15490842639181808494.dir: [24]
    cy_scb_uart.o              788       40
    ------------------------------------------------
    Total:                     788       40

D:\car_race\W11_attitude_quaternion_test\iar\Debug_m7_0\Obj\sd_host_2982766354293506895.dir: [25]
    ------------------------------------------------
    Total:

D:\car_race\W11_attitude_quaternion_test\iar\Debug_m7_0\Obj\semihosting_143864889731838620.dir: [26]
    ------------------------------------------------
    Total:

D:\car_race\W11_attitude_quaternion_test\iar\Debug_m7_0\Obj\smartio_5451710003740070188.dir: [27]
    ------------------------------------------------
    Total:

D:\car_race\W11_attitude_quaternion_test\iar\Debug_m7_0\Obj\smif_427648126384146252.dir: [28]
    ------------------------------------------------
    Total:

D:\car_race\W11_attitude_quaternion_test\iar\Debug_m7_0\Obj\smif_mem_6470536964353725183.dir: [29]
    ------------------------------------------------
    Total:

D:\car_race\W11_attitude_quaternion_test\iar\Debug_m7_0\Obj\srom_13018798572330080582.dir: [30]
    ------------------------------------------------
    Total:

D:\car_race\W11_attitude_quaternion_test\iar\Debug_m7_0\Obj\startup_479057977785470282.dir: [31]
    startup.o                  516       24
    startup_cm7.o              442               128
    ------------------------------------------------
    Total:                     958       24      128

D:\car_race\W11_attitude_quaternion_test\iar\Debug_m7_0\Obj\sw_timer_4215635015939382130.dir: [32]
    ------------------------------------------------
    Total:

D:\car_race\W11_attitude_quaternion_test\iar\Debug_m7_0\Obj\sysclk_16149231235676103872.dir: [33]
    cy_sysclk.o              2'280      144       25
    ------------------------------------------------
    Total:                   2'280      144       25

D:\car_race\W11_attitude_quaternion_test\iar\Debug_m7_0\Obj\sysflt_12293435975120599261.dir: [34]
    ------------------------------------------------
    Total:

D:\car_race\W11_attitude_quaternion_test\iar\Debug_m7_0\Obj\sysint_7435970359207984181.dir: [35]
    cy_sysint.o                172        8
    ------------------------------------------------
    Total:                     172        8

D:\car_race\W11_attitude_quaternion_test\iar\Debug_m7_0\Obj\syslib_16330585751512546975.dir: [36]
    cy_syslib.o                182               140
    cy_syslib_iar.o             30
    ------------------------------------------------
    Total:                     212               140

D:\car_race\W11_attitude_quaternion_test\iar\Debug_m7_0\Obj\syspm_10887939769544754770.dir: [37]
    ------------------------------------------------
    Total:

D:\car_race\W11_attitude_quaternion_test\iar\Debug_m7_0\Obj\sysreghc_17676636058511625587.dir: [38]
    ------------------------------------------------
    Total:

D:\car_race\W11_attitude_quaternion_test\iar\Debug_m7_0\Obj\sysreset_14586141425677365288.dir: [39]
    ------------------------------------------------
    Total:

D:\car_race\W11_attitude_quaternion_test\iar\Debug_m7_0\Obj\sysrtc_10747768817563771611.dir: [40]
    ------------------------------------------------
    Total:

D:\car_race\W11_attitude_quaternion_test\iar\Debug_m7_0\Obj\systick_16016591671695740695.dir: [41]
    ------------------------------------------------
    Total:

D:\car_race\W11_attitude_quaternion_test\iar\Debug_m7_0\Obj\syswdt_9118657615806274156.dir: [42]
    ------------------------------------------------
    Total:

D:\car_race\W11_attitude_quaternion_test\iar\Debug_m7_0\Obj\tcpwm_422923530147891246.dir: [43]
    cy_tcpwm.o                  12
    cy_tcpwm_counter.o         430       20
    ------------------------------------------------
    Total:                     442       20

D:\car_race\W11_attitude_quaternion_test\iar\Debug_m7_0\Obj\trigmux_9729677290734583340.dir: [44]
    ------------------------------------------------
    Total:

D:\car_race\W11_attitude_quaternion_test\iar\Debug_m7_0\Obj\user_8514941877209965082.dir: [45]
    cm7_0_isr.o                372                 2
    main_cm7_0.o               278       12        4
    ------------------------------------------------
    Total:                     650       12        6

D:\car_race\W11_attitude_quaternion_test\iar\Debug_m7_0\Obj\zf_common_1201165462030747823.dir: [46]
    zf_common_clock.o           28                 4
    zf_common_debug.o        1'072      120      111
    zf_common_fifo.o         1'096       52
    zf_common_interrupt.o      226                 4
    ------------------------------------------------
    Total:                   2'422      172      119

D:\car_race\W11_attitude_quaternion_test\iar\Debug_m7_0\Obj\zf_components_14936052685886095442.dir: [47]
    ------------------------------------------------
    Total:

D:\car_race\W11_attitude_quaternion_test\iar\Debug_m7_0\Obj\zf_device_6570275422786408770.dir: [48]
    zf_device_gnss.o           276               413
    zf_device_imu963ra.o       912      129       40
    zf_device_tsl1401.o        124               514
    zf_device_type.o             2                 8
    ------------------------------------------------
    Total:                   1'314      129      975

D:\car_race\W11_attitude_quaternion_test\iar\Debug_m7_0\Obj\zf_driver_11922370083829174090.dir: [49]
    zf_driver_adc.o            116        1       84
    zf_driver_delay.o          644        1        3
    zf_driver_gpio.o           380
    zf_driver_pit.o            920        5       60
    zf_driver_pwm.o             32
    zf_driver_soft_iic.o     1'688       56
    zf_driver_uart.o         2'796       57      576
    ------------------------------------------------
    Total:                   6'576      120      723

dl7M_tln.a: [50]
    abort.o                      6
    exit.o                       4
    printf.o                    40
    putchar.o                   32
    sprintf.o                   64
    strncmp.o                   42
    xfail_s.o                   64                 4
    xprintffull_nomb.o       3'758
    xprout.o                    22
    xsprout.o                   10
    ------------------------------------------------
    Total:                   4'042                 4

m7M_tlv.a: [51]
    DblCmpGe.o                  52
    DblCmpLe.o                  52
    DblDiv.o                    18
    DblMul.o                    18
    DblSub.o                    18
    DblToS32.o                  14
    DblToU32.o                  14
    S32ToDbl.o                  14
    U32ToDbl.o                  14
    asinf.o                     92
    atan2f.o                   106
    cos_sin32.o                468
    fpinit_M.o                  34
    frexp.o                    112
    ldexp.o                    260
    sqrtf.o                     30
    xatanf.o                   164
    ------------------------------------------------
    Total:                   1'480

rt7M_tl.a: [52]
    ABImemclr4.o                 6
    ABImemcpy.o                166
    ABImemset.o                102
    ABImemset48.o               50
    I64DivMod.o                560
    I64DivZer.o                  2
    cexit.o                     10
    cmain.o                     30
    cstartup_M.o                28
    data_init.o                 40
    lz77_init_single.o         126
    memchr.o                    88
    strchr.o                    22
    strlen.o                    54
    strncpy.o                  112
    zero_init3.o                56
    ------------------------------------------------
    Total:                   1'452

shb_l.a: [53]
    exit.o                      20
    ------------------------------------------------
    Total:                      20

    Gaps                        44        6
    Linker created                       32    8'192
----------------------------------------------------
    Grand Total:            25'700    1'151   12'220


*******************************************************************************
*** ENTRY LIST
***

Entry                       Address   Size  Type      Object
-----                       -------   ----  ----      ------
.iar.init_table$$Base   0x1008'6528          --   Gb  - Linker created -
.iar.init_table$$Limit  0x1008'6548          --   Gb  - Linker created -
?main                   0x1008'65f1         Code  Gb  cmain.o [52]
AppImu_CalibrateGyroOffset
                        0x1008'5631   0xee  Code  Gb  app_imu.o [5]
AppImu_Init             0x1008'55b9   0x46  Code  Gb  app_imu.o [5]
AppImu_UpdatePhysical   0x1008'571f   0xae  Code  Gb  app_imu.o [5]
AppImu_UpdateRaw        0x1008'55ff   0x32  Code  Gb  app_imu.o [5]
AppQuat_Clamp           0x1008'4299   0x22  Code  Lc  app_quaternion.o [5]
AppQuat_Init            0x1008'44cf   0x3e  Code  Gb  app_quaternion.o [5]
AppQuat_NormalizeQuaternion
                        0x1008'42cd   0x9a  Code  Lc  app_quaternion.o [5]
AppQuat_ResetIntegral   0x1008'42bb   0x12  Code  Lc  app_quaternion.o [5]
AppQuat_SetFromAcc      0x1008'4423   0xac  Code  Lc  app_quaternion.o [5]
AppQuat_SetZero         0x1008'450d   0x14  Code  Gb  app_quaternion.o [5]
AppQuat_Update          0x1008'4525  0x1bc  Code  Gb  app_quaternion.o [5]
AppQuat_UpdateEuler     0x1008'4369   0xba  Code  Lc  app_quaternion.o [5]
BusFault_Handler        0x1008'680d         Code  Wk  startup_cm7.o [31]
CSTACK$$Base            0x2807'e000          --   Gb  - Linker created -
CSTACK$$Limit           0x2808'0000          --   Gb  - Linker created -
CopyVectorTable         0x1008'59cd   0x34  Code  Lc  startup.o [31]
CpuUserInt0_Handler     0x1008'5baf   0x26  Code  Gb  cy_interrupt_map.o [23]
CpuUserInt10_Handler    0x1008'6829         Code  Wk  startup_cm7.o [31]
CpuUserInt11_Handler    0x1008'682d         Code  Wk  startup_cm7.o [31]
CpuUserInt12_Handler    0x1008'6831         Code  Wk  startup_cm7.o [31]
CpuUserInt13_Handler    0x1008'6835         Code  Wk  startup_cm7.o [31]
CpuUserInt14_Handler    0x1008'6839         Code  Wk  startup_cm7.o [31]
CpuUserInt15_Handler    0x1008'683d         Code  Wk  startup_cm7.o [31]
CpuUserInt1_Handler     0x1008'5bd5   0x26  Code  Gb  cy_interrupt_map.o [23]
CpuUserInt2_Handler     0x1008'5bfb   0x26  Code  Gb  cy_interrupt_map.o [23]
CpuUserInt3_Handler     0x1008'5c21   0x26  Code  Gb  cy_interrupt_map.o [23]
CpuUserInt4_Handler     0x1008'5c47   0x26  Code  Gb  cy_interrupt_map.o [23]
CpuUserInt5_Handler     0x1008'5c6d   0x26  Code  Gb  cy_interrupt_map.o [23]
CpuUserInt6_Handler     0x1008'5c93   0x26  Code  Gb  cy_interrupt_map.o [23]
CpuUserInt7_Handler     0x1008'5cb9   0x26  Code  Gb  cy_interrupt_map.o [23]
CpuUserInt8_Handler     0x1008'6821         Code  Wk  startup_cm7.o [31]
CpuUserInt9_Handler     0x1008'6825         Code  Wk  startup_cm7.o [31]
Cy_DefaultUserHandler   0x1008'5bad    0x2  Code  Gb  cy_interrupt_map.o [23]
Cy_GPIO_ClearInterrupt  0x1008'263f    0xe  Code  Lc  cy_gpio.o [14]
Cy_GPIO_Clr             0x1008'4131    0xa  Code  Lc  zf_driver_gpio.o [49]
Cy_GPIO_Pin_Init        0x1008'2683   0x72  Code  Gb  cy_gpio.o [14]
Cy_GPIO_Read            0x1008'411d    0xa  Code  Lc  zf_driver_gpio.o [49]
Cy_GPIO_Set             0x1008'4127    0xa  Code  Lc  zf_driver_gpio.o [49]
Cy_GPIO_SetDriveSel     0x1008'2621   0x1e  Code  Lc  cy_gpio.o [14]
Cy_GPIO_SetDrivemode    0x1008'25d1   0x1c  Code  Lc  cy_gpio.o [14]
Cy_GPIO_SetDrivemode    0x1008'413b   0x1c  Code  Lc  zf_driver_gpio.o [49]
Cy_GPIO_SetHSIOM        0x1008'256d   0x4c  Code  Lc  cy_gpio.o [14]
Cy_GPIO_SetInterruptEdge
                        0x1008'2667   0x1c  Code  Lc  cy_gpio.o [14]
Cy_GPIO_SetInterruptMask
                        0x1008'264d   0x1a  Code  Lc  cy_gpio.o [14]
Cy_GPIO_SetSlewRate     0x1008'2607   0x1a  Code  Lc  cy_gpio.o [14]
Cy_GPIO_SetVtrip        0x1008'25ed   0x1a  Code  Lc  cy_gpio.o [14]
Cy_GPIO_Write           0x1008'25b9   0x18  Code  Lc  cy_gpio.o [14]
Cy_RestoreIRQ           0x1008'5b89         Code  Gb  startup_cm7.o [31]
Cy_SCB_ClearRxFifo      0x1008'1795   0x1e  Code  Lc  zf_driver_uart.o [49]
Cy_SCB_ClearRxInterrupt
                        0x1008'17fb    0xa  Code  Lc  zf_driver_uart.o [49]
Cy_SCB_ClearTxInterrupt
                        0x1008'1811    0xa  Code  Lc  zf_driver_uart.o [49]
Cy_SCB_GetNumInRxFifo   0x1008'178b    0xa  Code  Lc  zf_driver_uart.o [49]
Cy_SCB_GetNumInTxFifo   0x1008'17b9    0xa  Code  Lc  zf_driver_uart.o [49]
Cy_SCB_GetRxInterruptMask
                        0x1008'17f5    0x6  Code  Lc  zf_driver_uart.o [49]
Cy_SCB_GetTxInterruptMask
                        0x1008'180b    0x6  Code  Lc  zf_driver_uart.o [49]
Cy_SCB_GetTxSrValid     0x1008'17c3    0xa  Code  Lc  zf_driver_uart.o [49]
Cy_SCB_IsTxComplete     0x1008'17cd   0x22  Code  Lc  zf_driver_uart.o [49]
Cy_SCB_ReadRxFifo       0x1008'1785    0x6  Code  Lc  zf_driver_uart.o [49]
Cy_SCB_SetRxInterruptMask
                        0x1008'17ef    0x6  Code  Lc  zf_driver_uart.o [49]
Cy_SCB_SetTxInterruptMask
                        0x1008'1805    0x6  Code  Lc  zf_driver_uart.o [49]
Cy_SCB_UART_DeInit      0x1008'2985   0x5c  Code  Gb  cy_scb_uart.o [24]
Cy_SCB_UART_Enable      0x1008'181b    0xa  Code  Lc  zf_driver_uart.o [49]
Cy_SCB_UART_Init        0x1008'2701  0x284  Code  Gb  cy_scb_uart.o [24]
Cy_SCB_WriteTxFifo      0x1008'17b3    0x6  Code  Lc  zf_driver_uart.o [49]
Cy_SaveIRQ              0x1008'5b81         Code  Gb  startup_cm7.o [31]
Cy_SysClk_CheckDividerExisting
                        0x1008'5335   0x2a  Code  Lc  zf_driver_delay.o [49]
Cy_SysClk_CheckDividerExisting
                        0x1008'4a51   0x2c  Code  Lc  zf_driver_pit.o [49]
Cy_SysClk_CheckDividerExisting
                        0x1008'15e1   0x2c  Code  Lc  zf_driver_uart.o [49]
Cy_SysClk_ClkPathGetSource
                        0x1008'31f5   0x54  Code  Gb  cy_sysclk.o [33]
Cy_SysClk_EcoGetStatus  0x1008'3081   0x1a  Code  Lc  cy_sysclk.o [33]
Cy_SysClk_Fast0ClkGetDivider
                        0x1008'31c9   0x16  Code  Lc  cy_sysclk.o [33]
Cy_SysClk_Fast1ClkGetDivider
                        0x1008'31df   0x16  Code  Lc  cy_sysclk.o [33]
Cy_SysClk_FllGetConfiguration
                        0x1008'3251   0x7e  Code  Gb  cy_sysclk.o [33]
Cy_SysClk_FllGetLockStatus
                        0x1008'309b    0xc  Code  Lc  cy_sysclk.o [33]
Cy_SysClk_GetClockGroup
                        0x1008'53dd    0x8  Code  Lc  zf_driver_delay.o [49]
Cy_SysClk_GetClockGroup
                        0x1008'4aff    0x8  Code  Lc  zf_driver_pit.o [49]
Cy_SysClk_GetClockGroup
                        0x1008'16c5    0x8  Code  Lc  zf_driver_uart.o [49]
Cy_SysClk_GetCoreFrequency
                        0x1008'3915   0x2a  Code  Gb  cy_sysclk.o [33]
Cy_SysClk_GetEcoFrequency
                        0x1008'341d   0x32  Code  Gb  cy_sysclk.o [33]
Cy_SysClk_GetExtFrequency
                        0x1008'3451   0x1e  Code  Gb  cy_sysclk.o [33]
Cy_SysClk_GetFast0Frequency
                        0x1008'3869   0x56  Code  Gb  cy_sysclk.o [33]
Cy_SysClk_GetFast1Frequency
                        0x1008'38bf   0x56  Code  Gb  cy_sysclk.o [33]
Cy_SysClk_GetFllInputFrequency
                        0x1008'3571    0xc  Code  Gb  cy_sysclk.o [33]
Cy_SysClk_GetFllOutputFrequency
                        0x1008'3599   0x78  Code  Gb  cy_sysclk.o [33]
Cy_SysClk_GetHfClkFrequency
                        0x1008'37eb   0x7a  Code  Gb  cy_sysclk.o [33]
Cy_SysClk_GetIlo0Frequency
                        0x1008'346f   0x32  Code  Gb  cy_sysclk.o [33]
Cy_SysClk_GetIlo1Frequency
                        0x1008'34a1   0x32  Code  Gb  cy_sysclk.o [33]
Cy_SysClk_GetImoFrequency
                        0x1008'33eb   0x32  Code  Gb  cy_sysclk.o [33]
Cy_SysClk_GetPathFrequency
                        0x1008'37b9   0x32  Code  Gb  cy_sysclk.o [33]
Cy_SysClk_GetPathSourceFrequency
                        0x1008'350d   0x64  Code  Gb  cy_sysclk.o [33]
Cy_SysClk_GetPll400MNo  0x1008'30e5   0x14  Code  Lc  cy_sysclk.o [33]
Cy_SysClk_GetPllInputFrequency
                        0x1008'357d   0x1c  Code  Gb  cy_sysclk.o [33]
Cy_SysClk_GetPllNo      0x1008'30a9   0x12  Code  Lc  cy_sysclk.o [33]
Cy_SysClk_GetPllOutputFrequency
                        0x1008'3615  0x1a0  Code  Gb  cy_sysclk.o [33]
Cy_SysClk_GetWcoFrequency
                        0x1008'34d3   0x32  Code  Gb  cy_sysclk.o [33]
Cy_SysClk_HfClockGetDivider
                        0x1008'3187   0x42  Code  Lc  cy_sysclk.o [33]
Cy_SysClk_HfClockGetSource
                        0x1008'3133   0x54  Code  Lc  cy_sysclk.o [33]
Cy_SysClk_InitGetFreqParams
                        0x1008'33d1   0x1a  Code  Gb  cy_sysclk.o [33]
Cy_SysClk_PeriphAssignDivider
                        0x1008'53e5   0x68  Code  Lc  zf_driver_delay.o [49]
Cy_SysClk_PeriphAssignDivider
                        0x1008'4b07   0x68  Code  Lc  zf_driver_pit.o [49]
Cy_SysClk_PeriphAssignDivider
                        0x1008'16cd   0x6a  Code  Lc  zf_driver_uart.o [49]
Cy_SysClk_PeriphEnableDivider
                        0x1008'544d   0x4c  Code  Lc  zf_driver_delay.o [49]
Cy_SysClk_PeriphEnableDivider
                        0x1008'4b6f   0x4c  Code  Lc  zf_driver_pit.o [49]
Cy_SysClk_PeriphEnableDivider
                        0x1008'1737   0x4e  Code  Lc  zf_driver_uart.o [49]
Cy_SysClk_PeriphSetDivider
                        0x1008'535f   0x7e  Code  Lc  zf_driver_delay.o [49]
Cy_SysClk_PeriphSetDivider
                        0x1008'4a7d   0x82  Code  Lc  zf_driver_pit.o [49]
Cy_SysClk_PeriphSetFracDivider
                        0x1008'160d   0xb8  Code  Lc  zf_driver_uart.o [49]
Cy_SysClk_Pll400MGetConfiguration
                        0x1008'333d   0x84  Code  Gb  cy_sysclk.o [33]
Cy_SysClk_Pll400MGetLockStatus
                        0x1008'30f9   0x2a  Code  Lc  cy_sysclk.o [33]
Cy_SysClk_PllGetConfiguration
                        0x1008'32e9   0x48  Code  Gb  cy_sysclk.o [33]
Cy_SysClk_PllGetLockStatus
                        0x1008'30bb   0x28  Code  Lc  cy_sysclk.o [33]
Cy_SysClk_WcoOkay       0x1008'3125    0xe  Code  Lc  cy_sysclk.o [33]
Cy_SysInt_InitIRQ       0x1008'2fd5   0x7e  Code  Gb  cy_sysint.o [35]
Cy_SysInt_SetSystemIrqVector
                        0x1008'3053   0x12  Code  Gb  cy_sysint.o [35]
Cy_SysInt_SystemIrqUserTableRamPointer
                        0x2802'06ec    0x4  Data  Gb  cy_interrupt_map.o [23]
Cy_SysLib_DelayCycles   0x1008'65d1         Code  Gb  cy_syslib_iar.o [36]
Cy_SysLib_EnterCriticalSection
                        0x1008'65e1         Code  Gb  cy_syslib_iar.o [36]
Cy_SysLib_ExitCriticalSection
                        0x1008'65e9         Code  Gb  cy_syslib_iar.o [36]
Cy_SysLib_FaultHandler  0x1008'39dd   0x90  Code  Gb  cy_syslib.o [36]
Cy_SysLib_Halt          0x1008'39d9    0x4  Code  Gb  cy_syslib.o [36]
Cy_SysLib_ProcessingFault
                        0x1008'3a81    0x2  Code  Wk  cy_syslib.o [36]
Cy_SysLib_SvcHandler    0x1008'678d    0xc  Code  Wk  cy_syslib.o [36]
Cy_SystemInitFpuEnable  0x1008'5b21   0x1e  Code  Gb  system_tviibh4m_cm7.o [22]
Cy_SystemIrqUserTable   0x2802'0000  0x6ec  Data  Gb  cy_interrupt_map.o [23]
Cy_Tcpwm_Counter_ClearTC_Intr
                        0x1008'4f87   0x10  Code  Gb  cy_tcpwm_counter.o [43]
Cy_Tcpwm_Counter_Enable
                        0x1008'4f69    0xa  Code  Gb  cy_tcpwm_counter.o [43]
Cy_Tcpwm_Counter_GetCounter
                        0x1008'4f77    0x4  Code  Gb  cy_tcpwm_counter.o [43]
Cy_Tcpwm_Counter_Init   0x1008'4de9  0x16c  Code  Gb  cy_tcpwm_counter.o [43]
Cy_Tcpwm_Counter_SetCounter
                        0x1008'4f73    0x4  Code  Gb  cy_tcpwm_counter.o [43]
Cy_Tcpwm_Counter_SetTC_IntrMask
                        0x1008'4f7b    0xc  Code  Gb  cy_tcpwm_counter.o [43]
Cy_Tcpwm_TriggerStart   0x1008'4f97    0xc  Code  Gb  cy_tcpwm.o [43]
Cy_u32StartupStackEndAddress
                        0x1008'62ac         Data  Gb  startup_cm7.o [31]
Cy_u32StartupStackStartAddress
                        0x1008'62a8         Data  Gb  startup_cm7.o [31]
DebugMon_Handler        0x1008'6815         Code  Wk  startup_cm7.o [31]
HEAP_STACK$$Base        0x2807'e000          --   Gb  - Linker created -
HEAP_STACK$$Limit       0x2808'0000          --   Gb  - Linker created -
HardFault_Handler       0x1008'6589         Code  Wk  startup_cm7.o [31]
InitRamEcc              0x1008'58bb  0x100  Code  Lc  startup.o [31]
InitRamEccClearArea     0x1008'59bb   0x12  Code  Lc  startup.o [31]
MemManage_Handler       0x1008'6809         Code  Wk  startup_cm7.o [31]
NMI_Handler             0x1008'6805         Code  Wk  startup_cm7.o [31]
PendSV_Handler          0x1008'6819         Code  Wk  startup_cm7.o [31]
Region$$Table$$Base     0x1008'6528          --   Gb  - Linker created -
Region$$Table$$Limit    0x1008'6548          --   Gb  - Linker created -
Reset_Handler           0x1008'6201         Code  Wk  startup_cm7.o [31]
SVC_Handler             0x1008'6679         Code  Wk  startup_cm7.o [31]
Startup_Init            0x1008'582d   0x8e  Code  Gb  startup.o [31]
SysTick_Handler         0x1008'681d         Code  Wk  startup_cm7.o [31]
SystemCoreClock         0x2802'0f00    0x4  Data  Gb  system_tviibh4m_cm7.o [22]
SystemCoreClockUpdate   0x1008'5a8d   0x94  Code  Gb  system_tviibh4m_cm7.o [22]
SystemInit              0x1008'5a31   0x5c  Code  Gb  system_tviibh4m_cm7.o [22]
UsageFault_Handler      0x1008'6811         Code  Wk  startup_cm7.o [31]
_LC                     0x1008'0081    0x6  Code  Lc  xprintffull_nomb.o [50]
_LitobFullNoMb          0x1008'0d4d  0x114  Code  Lc  xprintffull_nomb.o [50]
_PrintfFullNoMb         0x1008'0087  0xc98  Code  Gb  xprintffull_nomb.o [50]
_Prout                  0x1008'6711   0x16  Code  Gb  xprout.o [50]
_PutcharsFullNoMb       0x1008'0eb9   0x2e  Code  Lc  xprintffull_nomb.o [50]
_SProut                 0x1008'0fc3    0xa  Code  Gb  xsprout.o [50]
__NVIC_ClearPendingIRQ  0x1008'5b91   0x1c  Code  Lc  cy_interrupt_map.o [23]
__NVIC_ClearPendingIRQ  0x1008'2a31   0x1c  Code  Lc  zf_common_interrupt.o [46]
__NVIC_EnableIRQ        0x1008'2a15   0x1c  Code  Lc  zf_common_interrupt.o [46]
__NVIC_SetPriority      0x1008'2a4d   0x24  Code  Lc  zf_common_interrupt.o [46]
__Vectors               0x1008'0000          --   Gb  startup_cm7.o [31]
__Vectors_End           0x1008'0080         Data  Gb  startup_cm7.o [31]
__Vectors_Size {Abs}           0x80          --   Gb  startup_cm7.o [31]
__aeabi_cdcmple         0x1008'11b5         Code  Gb  DblCmpLe.o [51]
__aeabi_cdrcmple        0x1008'11e9         Code  Gb  DblCmpGe.o [51]
__aeabi_d2iz            0x1008'1321    0xe  Code  Gb  DblToS32.o [51]
__aeabi_d2uiz           0x1008'1361    0xe  Code  Gb  DblToU32.o [51]
__aeabi_ddiv            0x1008'134f   0x12  Code  Gb  DblDiv.o [51]
__aeabi_dmul            0x1008'137d   0x12  Code  Gb  DblMul.o [51]
__aeabi_dsub            0x1008'133d   0x12  Code  Gb  DblSub.o [51]
__aeabi_i2d             0x1008'132f    0xe  Code  Gb  S32ToDbl.o [51]
__aeabi_ldiv0           0x1008'15c9         Code  Gb  I64DivZer.o [52]
__aeabi_memclr4         0x1008'24fd         Code  Gb  ABImemclr4.o [52]
__aeabi_memcpy          0x1008'109d         Code  Gb  ABImemcpy.o [52]
__aeabi_memcpy4         0x1008'10bd         Code  Gb  ABImemcpy.o [52]
__aeabi_memcpy8         0x1008'10bd         Code  Gb  ABImemcpy.o [52]
__aeabi_memset          0x1008'2505         Code  Gb  ABImemset.o [52]
__aeabi_ui2d            0x1008'136f    0xe  Code  Gb  U32ToDbl.o [51]
__aeabi_uldivmod        0x1008'1391         Code  Gb  I64DivMod.o [52]
__cmain                 0x1008'65f1         Code  Gb  cmain.o [52]
__ecc_init_dtcm_end_address {Abs}
                        0x2000'3fff         Data  Gb  <internal module>
__ecc_init_dtcm_start_address {Abs}
                        0x2000'0000         Data  Gb  <internal module>
__ecc_init_itcm_end_address {Abs}
                             0x3fff         Data  Gb  <internal module>
__ecc_init_itcm_start_address {Abs}
                                0x0         Data  Gb  <internal module>
__ecc_init_sram_end_address {Abs}
                        0x2807'ffff         Data  Gb  <internal module>
__ecc_init_sram_start_address {Abs}
                        0x2802'0000         Data  Gb  <internal module>
__exit                  0x1008'15cd   0x14  Code  Gb  exit.o [53]
__iar_Fail_s            0x1008'0fcd   0x1c  Code  Gb  xfail_s.o [50]
__iar_Memchr            0x1008'1045         Code  Gb  memchr.o [52]
__iar_Memset            0x1008'2505         Code  Gb  ABImemset.o [52]
__iar_Memset4_word      0x1008'2f81         Code  Gb  ABImemset48.o [52]
__iar_Memset8_word      0x1008'2f81         Code  Gb  ABImemset48.o [52]
__iar_Memset_word       0x1008'250d         Code  Gb  ABImemset.o [52]
__iar_Sin32             0x1008'47d9  0x18c  Code  Lc  cos_sin32.o [51]
__iar_Strchr            0x1008'0fad         Code  Gb  strchr.o [52]
__iar_asin32            0x1008'477d         Code  Gb  asinf.o [51]
__iar_atan2_32          0x1008'4711         Code  Gb  atan2f.o [51]
__iar_cos32             0x1008'49a5    0x4  Code  Gb  cos_sin32.o [51]
__iar_cos_medium32      0x1008'49a5    0x4  Code  Gb  cos_sin32.o [51]
__iar_cos_mediumf       0x1008'49a5    0x4  Code  Gb  cos_sin32.o [51]
__iar_data_init3        0x1008'64dd   0x28  Code  Gb  data_init.o [52]
__iar_frexp             0x1008'1151         Code  Gb  frexp.o [51]
__iar_frexpl            0x1008'1151         Code  Gb  frexp.o [51]
__iar_init_vfp          0x1008'6505         Code  Gb  fpinit_M.o [51]
__iar_ldexp64           0x1008'1231         Code  Gb  ldexp.o [51]
__iar_lz77_init_single3
                        0x1008'0f2f   0x7e  Code  Gb  lz77_init_single.o [52]
__iar_program_start     0x1008'6695         Code  Gb  cstartup_M.o [52]
__iar_scalbln64         0x1008'1231         Code  Gb  ldexp.o [51]
__iar_scalbn64          0x1008'1231         Code  Gb  ldexp.o [51]
__iar_sin32             0x1008'49a9    0x4  Code  Gb  cos_sin32.o [51]
__iar_sin_medium32      0x1008'49a9    0x4  Code  Gb  cos_sin32.o [51]
__iar_sin_mediumf       0x1008'49a9    0x4  Code  Gb  cos_sin32.o [51]
__iar_softfp___iar_frexp64
                        0x1008'1145         Code  Gb  frexp.o [51]
__iar_softfp___iar_ldexp64
                        0x1008'121d         Code  Gb  ldexp.o [51]
__iar_softfp___iar_scalbln64
                        0x1008'121d         Code  Gb  ldexp.o [51]
__iar_softfp___iar_scalbn64
                        0x1008'121d         Code  Gb  ldexp.o [51]
__iar_softfp_frexp      0x1008'1145         Code  Gb  frexp.o [51]
__iar_softfp_frexpl     0x1008'1145         Code  Gb  frexp.o [51]
__iar_softfp_ldexp      0x1008'121d         Code  Gb  ldexp.o [51]
__iar_softfp_ldexpl     0x1008'121d         Code  Gb  ldexp.o [51]
__iar_softfp_scalbln    0x1008'121d         Code  Gb  ldexp.o [51]
__iar_softfp_scalblnl   0x1008'121d         Code  Gb  ldexp.o [51]
__iar_softfp_scalbn     0x1008'121d         Code  Gb  ldexp.o [51]
__iar_softfp_scalbnl    0x1008'121d         Code  Gb  ldexp.o [51]
__iar_sqrt32            0x1008'46f1         Code  Gb  sqrtf.o [51]
__iar_xatanf            0x1008'49ad         Code  Gb  xatanf.o [51]
__iar_zero_init3        0x1008'63ed   0x38  Code  Gb  zero_init3.o [52]
__low_level_init        0x1008'6611         Code  Gb  startup_cm7.o [31]
__ramVectors            0x2802'0f80         Data  Gb  startup_cm7.o [31]
__vector_table          0x1008'0000         Data  Gb  startup_cm7.o [31]
__vector_table_0x1c     0x1008'001c         Data  Gb  startup_cm7.o [31]
__write                 0x1008'23cb   0x12  Code  Gb  zf_common_debug.o [46]
_call_main              0x1008'65fd         Code  Gb  cmain.o [52]
_exit                   0x1008'6619         Code  Gb  cexit.o [52]
abort                   0x1008'15c1    0x6  Code  Gb  abort.o [50]
adc_convert             0x1008'6145   0x6c  Code  Gb  zf_driver_adc.o [49]
adc_resolution          0x2802'0d70   0x48  Data  Lc  zf_driver_adc.o [49]
asinf                   0x1008'477d         Code  Gb  asinf.o [51]
assert_interrupt_config
                        0x1008'2aa9    0xc  Code  Gb  zf_common_interrupt.o [46]
atan2f                  0x1008'4711         Code  Gb  atan2f.o [51]
clock_init              0x1008'61b9   0x16  Code  Gb  zf_common_clock.o [46]
cosf                    0x1008'49a5    0x4  Code  Gb  cos_sin32.o [51]
cy_assertFileName       0x2802'0e80   0x18  Data  Gb  cy_syslib.o [36]
cy_assertLine           0x2802'0efc    0x4  Data  Gb  cy_syslib.o [36]
cy_delay32kMs           0x2802'0f10    0x4  Data  Gb  system_tviibh4m_cm7.o [22]
cy_delayFreqHz          0x2802'0f04    0x4  Data  Gb  system_tviibh4m_cm7.o [22]
cy_delayFreqKhz         0x2802'0f08    0x4  Data  Gb  system_tviibh4m_cm7.o [22]
cy_delayFreqMhz         0x2802'0f0c    0x4  Data  Gb  system_tviibh4m_cm7.o [22]
cy_faultFrame           0x2802'0c90   0x70  Data  Gb  cy_syslib.o [36]
debug_assert_handler    0x1008'23dd   0x3c  Code  Gb  zf_common_debug.o [46]
debug_assert_handler::assert_nest_index
                        0x2802'0f34    0x1  Data  Lc  zf_common_debug.o [46]
debug_delay             0x1008'20cd   0x36  Code  Lc  zf_common_debug.o [46]
debug_info_init         0x1008'2483   0x18  Code  Gb  zf_common_debug.o [46]
debug_init              0x1008'249b   0x2a  Code  Gb  zf_common_debug.o [46]
debug_log_handler       0x1008'2419   0x20  Code  Gb  zf_common_debug.o [46]
debug_output            0x1008'210f  0x2bc  Code  Lc  zf_common_debug.o [46]
debug_output_info       0x2802'0ec8   0x14  Data  Lc  zf_common_debug.o [46]
debug_output_init       0x1008'2459   0x2a  Code  Gb  zf_common_debug.o [46]
debug_output_struct_init
                        0x1008'2439   0x20  Code  Gb  zf_common_debug.o [46]
debug_uart_buffer       0x2802'0db8   0x40  Data  Gb  zf_common_debug.o [46]
debug_uart_fifo         0x2802'0e98   0x18  Data  Gb  zf_common_debug.o [46]
debug_uart_str_output   0x1008'2103    0xc  Code  Lc  zf_common_debug.o [46]
delay_clk               0x2802'0784    0x2  Data  Lc  zf_driver_delay.o [49]
divNumLocator           0x1008'6798    0x8  Data  Gb  cy_sysclk.o [33]
exit                    0x1008'6615    0x4  Code  Gb  exit.o [50]
fifo_clear              0x1008'2b6d   0x74  Code  Gb  zf_common_fifo.o [46]
fifo_end_offset         0x1008'2b53   0x1a  Code  Lc  zf_common_fifo.o [46]
fifo_head_offset        0x1008'2b39   0x1a  Code  Lc  zf_common_fifo.o [46]
fifo_init               0x1008'2f43   0x3a  Code  Gb  zf_common_fifo.o [46]
fifo_read_buffer        0x1008'2da3  0x1a0  Code  Gb  zf_common_fifo.o [46]
fifo_used               0x1008'2be1   0x22  Code  Gb  zf_common_fifo.o [46]
fifo_write_buffer       0x1008'2c03  0x1a0  Code  Gb  zf_common_fifo.o [46]
flag_100ms              0x2802'0f32    0x1  Data  Gb  main_cm7_0.o [45]
flag_10ms               0x2802'0f31    0x1  Data  Gb  main_cm7_0.o [45]
flag_1ms                0x2802'0f2f    0x1  Data  Gb  main_cm7_0.o [45]
flag_2ms                0x2802'0f30    0x1  Data  Gb  main_cm7_0.o [45]
g_imu                   0x2802'0e34   0x34  Data  Gb  app_imu.o [5]
g_quat                  0x2802'0df8   0x3c  Data  Gb  app_quaternion.o [5]
get_uart_config         0x1008'191f  0x20a  Code  Lc  zf_driver_uart.o [49]
gnss_flag               0x2802'0f35    0x1  Data  Gb  zf_device_gnss.o [48]
gnss_gga_state          0x2802'0f37    0x1  Data  Lc  zf_device_gnss.o [48]
gnss_receiver_fifo      0x2802'0eb0   0x18  Data  Lc  zf_device_gnss.o [48]
gnss_rmc_state          0x2802'0f38    0x1  Data  Lc  zf_device_gnss.o [48]
gnss_state              0x2802'0f36    0x1  Data  Lc  zf_device_gnss.o [48]
gnss_ths_state          0x2802'0f39    0x1  Data  Lc  zf_device_gnss.o [48]
gnss_uart_callback      0x1008'6031   0xe2  Code  Gb  zf_device_gnss.o [48]
gpio_get_level          0x1008'419b   0x22  Code  Gb  zf_driver_gpio.o [49]
gpio_init               0x1008'420b   0x88  Code  Gb  zf_driver_gpio.o [49]
gpio_set_dir            0x1008'41bd   0x4e  Code  Gb  zf_driver_gpio.o [49]
gpio_set_level          0x1008'4157   0x44  Code  Gb  zf_driver_gpio.o [49]
gps_gga_buffer          0x2802'0b10   0x80  Data  Lc  zf_device_gnss.o [48]
gps_rmc_buffer          0x2802'0b90   0x80  Data  Lc  zf_device_gnss.o [48]
gps_ths_buffer          0x2802'0c10   0x80  Data  Lc  zf_device_gnss.o [48]
imu963ra_acc_gyro_self_check
                        0x1008'50bd   0x34  Code  Lc  zf_device_imu963ra.o [48]
imu963ra_acc_x          0x2802'0f28    0x2  Data  Gb  zf_device_imu963ra.o [48]
imu963ra_acc_y          0x2802'0f2a    0x2  Data  Gb  zf_device_imu963ra.o [48]
imu963ra_acc_z          0x2802'0f2c    0x2  Data  Gb  zf_device_imu963ra.o [48]
imu963ra_connect_mag    0x1008'5083   0x3a  Code  Lc  zf_device_imu963ra.o [48]
imu963ra_get_acc        0x1008'5125   0x40  Code  Gb  zf_device_imu963ra.o [48]
imu963ra_get_gyro       0x1008'5165   0x40  Code  Gb  zf_device_imu963ra.o [48]
imu963ra_gyro_x         0x2802'0f22    0x2  Data  Gb  zf_device_imu963ra.o [48]
imu963ra_gyro_y         0x2802'0f24    0x2  Data  Gb  zf_device_imu963ra.o [48]
imu963ra_gyro_z         0x2802'0f26    0x2  Data  Gb  zf_device_imu963ra.o [48]
imu963ra_iic_struct     0x2802'0edc   0x10  Data  Lc  zf_device_imu963ra.o [48]
imu963ra_init           0x1008'51a5  0x158  Code  Gb  zf_device_imu963ra.o [48]
imu963ra_mag_self_check
                        0x1008'50f1   0x34  Code  Lc  zf_device_imu963ra.o [48]
imu963ra_read_mag_register
                        0x1008'501f   0x64  Code  Lc  zf_device_imu963ra.o [48]
imu963ra_transition_factor
                        0x2802'06f0    0xc  Data  Gb  zf_device_imu963ra.o [48]
imu963ra_write_mag_register
                        0x1008'4fa5   0x7a  Code  Lc  zf_device_imu963ra.o [48]
intFreqInitialized      0x2802'0f2e    0x1  Data  Gb  cy_sysclk.o [33]
internalBaseFreqInfo    0x2802'0e68   0x18  Data  Gb  cy_sysclk.o [33]
interrupt_global_disable
                        0x1008'2a81   0x14  Code  Gb  zf_common_interrupt.o [46]
interrupt_global_enable
                        0x1008'2a71   0x10  Code  Gb  zf_common_interrupt.o [46]
interrupt_global_flag   0x2802'0f18    0x4  Data  Lc  zf_common_interrupt.o [46]
interrupt_init          0x1008'2ac1   0x36  Code  Gb  zf_common_interrupt.o [46]
interrupt_set_priority  0x1008'2ab5    0xc  Code  Gb  zf_common_interrupt.o [46]
ldexp                   0x1008'1231         Code  Gb  ldexp.o [51]
ldexpl                  0x1008'1231         Code  Gb  ldexp.o [51]
main                    0x1008'5f19   0xee  Code  Gb  main_cm7_0.o [45]
memchr                  0x1008'1045         Code  Gb  memchr.o [52]
pit0_ch0_isr            0x1008'5d29   0x5c  Code  Gb  cm7_0_isr.o [45]
pit0_ch0_isr::tick      0x2802'0f20    0x2  Data  Lc  cm7_0_isr.o [45]
pit0_ch10_isr           0x1008'5d99    0xa  Code  Gb  cm7_0_isr.o [45]
pit0_ch11_isr           0x1008'5da3    0xa  Code  Gb  cm7_0_isr.o [45]
pit0_ch12_isr           0x1008'5dad    0xa  Code  Gb  cm7_0_isr.o [45]
pit0_ch13_isr           0x1008'5db7    0xa  Code  Gb  cm7_0_isr.o [45]
pit0_ch14_isr           0x1008'5dc1    0xa  Code  Gb  cm7_0_isr.o [45]
pit0_ch15_isr           0x1008'5dcb    0xa  Code  Gb  cm7_0_isr.o [45]
pit0_ch16_isr           0x1008'5dd5    0xa  Code  Gb  cm7_0_isr.o [45]
pit0_ch17_isr           0x1008'5ddf    0xa  Code  Gb  cm7_0_isr.o [45]
pit0_ch18_isr           0x1008'5de9    0xa  Code  Gb  cm7_0_isr.o [45]
pit0_ch19_isr           0x1008'5df3    0xa  Code  Gb  cm7_0_isr.o [45]
pit0_ch1_isr            0x1008'5d85    0xa  Code  Gb  cm7_0_isr.o [45]
pit0_ch20_isr           0x1008'5dfd    0xa  Code  Gb  cm7_0_isr.o [45]
pit0_ch21_isr           0x1008'5e07    0xe  Code  Gb  cm7_0_isr.o [45]
pit0_ch2_isr            0x1008'5d8f    0xa  Code  Gb  cm7_0_isr.o [45]
pit_init                0x1008'4be5  0x1ee  Code  Gb  zf_driver_pit.o [49]
pit_isr_flag_clear      0x1008'4bbb   0x2a  Code  Gb  zf_driver_pit.o [49]
pit_isr_func            0x2802'0710   0x3c  Data  Gb  zf_driver_pit.o [49]
printf                  0x1008'5805   0x28  Code  Gb  printf.o [50]
putchar                 0x1008'65a9   0x20  Code  Gb  putchar.o [50]
pwm_all_channel_close   0x1008'2fb5   0x1a  Code  Gb  zf_driver_pwm.o [49]
sar_adc                 0x2802'0704    0xc  Data  Lc  zf_driver_adc.o [49]
scalbln                 0x1008'1231         Code  Gb  ldexp.o [51]
scalblnl                0x1008'1231         Code  Gb  ldexp.o [51]
scalbn                  0x1008'1231         Code  Gb  ldexp.o [51]
scalbnl                 0x1008'1231         Code  Gb  ldexp.o [51]
scale                   0x1008'0e61   0x46  Code  Lc  xprintffull_nomb.o [50]
scb_module              0x2802'0768   0x1c  Data  Gb  zf_driver_uart.o [49]
sec_hand                0x2802'0f1c    0x4  Data  Lc  xfail_s.o [50]
sinf                    0x1008'49a9    0x4  Code  Gb  cos_sin32.o [51]
soft_iic_init           0x1008'40a1   0x78  Code  Gb  zf_driver_soft_iic.o [49]
soft_iic_read_8bit_registers
                        0x1008'3f8b   0x9a  Code  Gb  zf_driver_soft_iic.o [49]
soft_iic_read_data      0x1008'3e2f  0x10e  Code  Lc  zf_driver_soft_iic.o [49]
soft_iic_sccb_read_register
                        0x1008'4035   0x6c  Code  Gb  zf_driver_soft_iic.o [49]
soft_iic_send_ack       0x1008'3bc1   0xc6  Code  Lc  zf_driver_soft_iic.o [49]
soft_iic_send_data      0x1008'3d57   0xd8  Code  Lc  zf_driver_soft_iic.o [49]
soft_iic_start          0x1008'3a85   0x9e  Code  Lc  zf_driver_soft_iic.o [49]
soft_iic_stop           0x1008'3b23   0x9e  Code  Lc  zf_driver_soft_iic.o [49]
soft_iic_wait_ack       0x1008'3c87   0xd0  Code  Lc  zf_driver_soft_iic.o [49]
soft_iic_write_8bit_register
                        0x1008'3f3d   0x4e  Code  Gb  zf_driver_soft_iic.o [49]
sprintf                 0x1008'2af9   0x40  Code  Gb  sprintf.o [50]
sqrtf                   0x1008'46f1         Code  Gb  sqrtf.o [51]
strchr                  0x1008'0fad         Code  Gb  strchr.o [52]
strlen                  0x1008'100d         Code  Gb  strlen.o [52]
strncmp                 0x1008'61d5   0x2a  Code  Gb  strncmp.o [50]
strncpy                 0x1008'3969         Code  Gb  strncpy.o [52]
system_clock            0x2802'0f14    0x4  Data  Gb  zf_common_clock.o [46]
system_delay_init       0x1008'54f7   0xa6  Code  Gb  zf_driver_delay.o [49]
system_delay_ms         0x1008'5499   0x5e  Code  Gb  zf_driver_delay.o [49]
timer_ch                0x2802'0787    0x1  Data  Lc  zf_driver_delay.o [49]
tsl1401_collect_pit_handler
                        0x1008'5e9d   0x68  Code  Gb  zf_device_tsl1401.o [48]
tsl1401_data            0x2802'0788  0x200  Data  Gb  zf_device_tsl1401.o [48]
tsl1401_finish_flag     0x2802'0f3b    0x1  Data  Gb  zf_device_tsl1401.o [48]
tsl1401_init_state      0x2802'0f3a    0x1  Data  Lc  zf_device_tsl1401.o [48]
type_default_callback   0x1008'6841    0x2  Code  Lc  zf_device_type.o [48]
uart0_isr               0x1008'5e15   0x12  Code  Gb  cm7_0_isr.o [45]
uart1_isr               0x1008'5e27   0x14  Code  Gb  cm7_0_isr.o [45]
uart2_isr               0x1008'5e3b   0x12  Code  Gb  cm7_0_isr.o [45]
uart3_isr               0x1008'5e4d    0xa  Code  Gb  cm7_0_isr.o [45]
uart4_isr               0x1008'5e57   0x14  Code  Gb  cm7_0_isr.o [45]
uart5_isr               0x1008'5e89    0xa  Code  Gb  cm7_0_isr.o [45]
uart6_isr               0x1008'5e93    0xa  Code  Gb  cm7_0_isr.o [45]
uart_context            0x2802'0988  0x188  Data  Gb  zf_driver_uart.o [49]
uart_data_buffer        0x2802'0d00   0x70  Data  Lc  zf_driver_uart.o [49]
uart_data_buffer_count  0x2802'0eec    0x8  Data  Lc  zf_driver_uart.o [49]
uart_data_refresh       0x2802'0ef4    0x8  Data  Lc  zf_driver_uart.o [49]
uart_init               0x1008'1ecd  0x1c0  Code  Gb  zf_driver_uart.o [49]
uart_isr_func           0x2802'074c   0x1c  Data  Gb  zf_driver_uart.o [49]
uart_isr_mask           0x1008'1825   0xfa  Code  Gb  zf_driver_uart.o [49]
uart_query_byte         0x1008'1b8b   0x74  Code  Gb  zf_driver_uart.o [49]
uart_receiver_handler   0x2802'0700    0x4  Data  Gb  zf_device_type.o [48]
uart_rx_interrupt       0x1008'1d1b  0x1a8  Code  Gb  zf_driver_uart.o [49]
uart_rx_interrupt_handler
                        0x1008'602d    0x2  Code  Gb  main_cm7_0.o [45]
uart_tx_interrupt       0x1008'1bff  0x11c  Code  Gb  zf_driver_uart.o [49]
uart_write_buffer       0x1008'1b51   0x1e  Code  Gb  zf_driver_uart.o [49]
uart_write_byte         0x1008'1b29   0x28  Code  Gb  zf_driver_uart.o [49]
uart_write_string       0x1008'1b6f   0x1c  Code  Gb  zf_driver_uart.o [49]
wireless_module_uart_handler
                        0x2802'06fc    0x4  Data  Gb  zf_device_type.o [48]
zf_debug_assert_enable  0x2802'0786    0x1  Data  Lc  zf_common_debug.o [46]
zf_debug_init_flag      0x2802'0f33    0x1  Data  Lc  zf_common_debug.o [46]


[1] = D:\car_race\W11_attitude_quaternion_test\iar\Debug_m7_0\Obj\adc_11722776235721520015.dir
[2] = D:\car_race\W11_attitude_quaternion_test\iar\Debug_m7_0\Obj\audioss_1346650047966882938.dir
[3] = D:\car_race\W11_attitude_quaternion_test\iar\Debug_m7_0\Obj\button_4990804375159372270.dir
[4] = D:\car_race\W11_attitude_quaternion_test\iar\Debug_m7_0\Obj\canfd_1800690984773873875.dir
[5] = D:\car_race\W11_attitude_quaternion_test\iar\Debug_m7_0\Obj\code_17896468042025673432.dir
[6] = D:\car_race\W11_attitude_quaternion_test\iar\Debug_m7_0\Obj\cpu_15938736945165268644.dir
[7] = D:\car_race\W11_attitude_quaternion_test\iar\Debug_m7_0\Obj\crypto_1190170608956581615.dir
[8] = D:\car_race\W11_attitude_quaternion_test\iar\Debug_m7_0\Obj\dma_12106025507578611576.dir
[9] = D:\car_race\W11_attitude_quaternion_test\iar\Debug_m7_0\Obj\eth_phy_18133017486186456677.dir
[10] = D:\car_race\W11_attitude_quaternion_test\iar\Debug_m7_0\Obj\ethernet_6029839089178797009.dir
[11] = D:\car_race\W11_attitude_quaternion_test\iar\Debug_m7_0\Obj\evtgen_3404189088603873129.dir
[12] = D:\car_race\W11_attitude_quaternion_test\iar\Debug_m7_0\Obj\flash_8529866181315662935.dir
[13] = D:\car_race\W11_attitude_quaternion_test\iar\Debug_m7_0\Obj\flash_864493325053435817.dir
[14] = D:\car_race\W11_attitude_quaternion_test\iar\Debug_m7_0\Obj\gpio_3999404635324069351.dir
[15] = D:\car_race\W11_attitude_quaternion_test\iar\Debug_m7_0\Obj\ipc_10145506163450686023.dir
[16] = D:\car_race\W11_attitude_quaternion_test\iar\Debug_m7_0\Obj\lin_18429031207028094880.dir
[17] = D:\car_race\W11_attitude_quaternion_test\iar\Debug_m7_0\Obj\lvd_6353935867039560245.dir
[18] = D:\car_race\W11_attitude_quaternion_test\iar\Debug_m7_0\Obj\mcwdt_4052485907822033969.dir
[19] = D:\car_race\W11_attitude_quaternion_test\iar\Debug_m7_0\Obj\mpu_5663187252346826382.dir
[20] = D:\car_race\W11_attitude_quaternion_test\iar\Debug_m7_0\Obj\power_14453085144426420577.dir
[21] = D:\car_race\W11_attitude_quaternion_test\iar\Debug_m7_0\Obj\prot_10722960861768657883.dir
[22] = D:\car_race\W11_attitude_quaternion_test\iar\Debug_m7_0\Obj\rev_b_4986922561640112550.dir
[23] = D:\car_race\W11_attitude_quaternion_test\iar\Debug_m7_0\Obj\rev_b_6162237342861132223.dir
[24] = D:\car_race\W11_attitude_quaternion_test\iar\Debug_m7_0\Obj\scb_15490842639181808494.dir
[25] = D:\car_race\W11_attitude_quaternion_test\iar\Debug_m7_0\Obj\sd_host_2982766354293506895.dir
[26] = D:\car_race\W11_attitude_quaternion_test\iar\Debug_m7_0\Obj\semihosting_143864889731838620.dir
[27] = D:\car_race\W11_attitude_quaternion_test\iar\Debug_m7_0\Obj\smartio_5451710003740070188.dir
[28] = D:\car_race\W11_attitude_quaternion_test\iar\Debug_m7_0\Obj\smif_427648126384146252.dir
[29] = D:\car_race\W11_attitude_quaternion_test\iar\Debug_m7_0\Obj\smif_mem_6470536964353725183.dir
[30] = D:\car_race\W11_attitude_quaternion_test\iar\Debug_m7_0\Obj\srom_13018798572330080582.dir
[31] = D:\car_race\W11_attitude_quaternion_test\iar\Debug_m7_0\Obj\startup_479057977785470282.dir
[32] = D:\car_race\W11_attitude_quaternion_test\iar\Debug_m7_0\Obj\sw_timer_4215635015939382130.dir
[33] = D:\car_race\W11_attitude_quaternion_test\iar\Debug_m7_0\Obj\sysclk_16149231235676103872.dir
[34] = D:\car_race\W11_attitude_quaternion_test\iar\Debug_m7_0\Obj\sysflt_12293435975120599261.dir
[35] = D:\car_race\W11_attitude_quaternion_test\iar\Debug_m7_0\Obj\sysint_7435970359207984181.dir
[36] = D:\car_race\W11_attitude_quaternion_test\iar\Debug_m7_0\Obj\syslib_16330585751512546975.dir
[37] = D:\car_race\W11_attitude_quaternion_test\iar\Debug_m7_0\Obj\syspm_10887939769544754770.dir
[38] = D:\car_race\W11_attitude_quaternion_test\iar\Debug_m7_0\Obj\sysreghc_17676636058511625587.dir
[39] = D:\car_race\W11_attitude_quaternion_test\iar\Debug_m7_0\Obj\sysreset_14586141425677365288.dir
[40] = D:\car_race\W11_attitude_quaternion_test\iar\Debug_m7_0\Obj\sysrtc_10747768817563771611.dir
[41] = D:\car_race\W11_attitude_quaternion_test\iar\Debug_m7_0\Obj\systick_16016591671695740695.dir
[42] = D:\car_race\W11_attitude_quaternion_test\iar\Debug_m7_0\Obj\syswdt_9118657615806274156.dir
[43] = D:\car_race\W11_attitude_quaternion_test\iar\Debug_m7_0\Obj\tcpwm_422923530147891246.dir
[44] = D:\car_race\W11_attitude_quaternion_test\iar\Debug_m7_0\Obj\trigmux_9729677290734583340.dir
[45] = D:\car_race\W11_attitude_quaternion_test\iar\Debug_m7_0\Obj\user_8514941877209965082.dir
[46] = D:\car_race\W11_attitude_quaternion_test\iar\Debug_m7_0\Obj\zf_common_1201165462030747823.dir
[47] = D:\car_race\W11_attitude_quaternion_test\iar\Debug_m7_0\Obj\zf_components_14936052685886095442.dir
[48] = D:\car_race\W11_attitude_quaternion_test\iar\Debug_m7_0\Obj\zf_device_6570275422786408770.dir
[49] = D:\car_race\W11_attitude_quaternion_test\iar\Debug_m7_0\Obj\zf_driver_11922370083829174090.dir
[50] = dl7M_tln.a
[51] = m7M_tlv.a
[52] = rt7M_tl.a
[53] = shb_l.a
[54] = zf_device_config.a

  25'700 bytes of readonly  code memory
   1'151 bytes of readonly  data memory
  12'220 bytes of readwrite data memory

Errors: none
Warnings: none
