###############################################################################
#
# IAR ELF Linker V9.40.1.364/W64 for ARM                  26/Apr/2026  11:29:39
# Copyright 2007-2023 IAR Systems AB.
#
#    Output file  =
#        D:\google_remotely_save\long term
#        project\car_compete\Coreboard_Demo\W02_uart_base\iar\project_config\Debug_m7_1\Exe\cyt4bb7_cm_7_1.out
#    Map file     =
#        D:\google_remotely_save\long term
#        project\car_compete\Coreboard_Demo\W02_uart_base\iar\Debug_m7_1\List\cyt4bb7_cm_7_1.map
#    Command line =
#        -f "D:\google_remotely_save\long term
#        project\car_compete\Coreboard_Demo\W02_uart_base\iar\project_config\Debug_m7_1\Exe\cyt4bb7_cm_7_1.out.rsp"
#        ("D:\google_remotely_save\long term
#        project\car_compete\Coreboard_Demo\W02_uart_base\iar\Debug_m7_1\Obj\user_8514941877209965082.dir\cm7_1_isr.o"
#        "D:\google_remotely_save\long term
#        project\car_compete\Coreboard_Demo\W02_uart_base\iar\Debug_m7_1\Obj\adc_11722776235721520015.dir\cy_adc.o"
#        "D:\google_remotely_save\long term
#        project\car_compete\Coreboard_Demo\W02_uart_base\iar\Debug_m7_1\Obj\button_4990804375159372270.dir\cy_button.o"
#        "D:\google_remotely_save\long term
#        project\car_compete\Coreboard_Demo\W02_uart_base\iar\Debug_m7_1\Obj\canfd_1800690984773873875.dir\cy_canfd.o"
#        "D:\google_remotely_save\long term
#        project\car_compete\Coreboard_Demo\W02_uart_base\iar\Debug_m7_1\Obj\cpu_15938736945165268644.dir\cy_cpu.o"
#        "D:\google_remotely_save\long term
#        project\car_compete\Coreboard_Demo\W02_uart_base\iar\Debug_m7_1\Obj\crypto_1190170608956581615.dir\cy_crypto_config.o"
#        "D:\google_remotely_save\long term
#        project\car_compete\Coreboard_Demo\W02_uart_base\iar\Debug_m7_1\Obj\eth_phy_18133017486186456677.dir\cy_dp83867.o"
#        "D:\google_remotely_save\long term
#        project\car_compete\Coreboard_Demo\W02_uart_base\iar\Debug_m7_1\Obj\ethernet_6029839089178797009.dir\cy_ethif.o"
#        "D:\google_remotely_save\long term
#        project\car_compete\Coreboard_Demo\W02_uart_base\iar\Debug_m7_1\Obj\evtgen_3404189088603873129.dir\cy_evtgen.o"
#        "D:\google_remotely_save\long term
#        project\car_compete\Coreboard_Demo\W02_uart_base\iar\Debug_m7_1\Obj\flash_8529866181315662935.dir\cy_flash.o"
#        "D:\google_remotely_save\long term
#        project\car_compete\Coreboard_Demo\W02_uart_base\iar\Debug_m7_1\Obj\gpio_3999404635324069351.dir\cy_gpio.o"
#        "D:\google_remotely_save\long term
#        project\car_compete\Coreboard_Demo\W02_uart_base\iar\Debug_m7_1\Obj\audioss_1346650047966882938.dir\cy_i2s.o"
#        "D:\google_remotely_save\long term
#        project\car_compete\Coreboard_Demo\W02_uart_base\iar\Debug_m7_1\Obj\rev_b_6162237342861132223.dir\cy_interrupt_map.o"
#        "D:\google_remotely_save\long term
#        project\car_compete\Coreboard_Demo\W02_uart_base\iar\Debug_m7_1\Obj\ipc_10145506163450686023.dir\cy_ipc_drv.o"
#        "D:\google_remotely_save\long term
#        project\car_compete\Coreboard_Demo\W02_uart_base\iar\Debug_m7_1\Obj\ipc_10145506163450686023.dir\cy_ipc_pipe.o"
#        "D:\google_remotely_save\long term
#        project\car_compete\Coreboard_Demo\W02_uart_base\iar\Debug_m7_1\Obj\ipc_10145506163450686023.dir\cy_ipc_sema.o"
#        "D:\google_remotely_save\long term
#        project\car_compete\Coreboard_Demo\W02_uart_base\iar\Debug_m7_1\Obj\lin_18429031207028094880.dir\cy_lin.o"
#        "D:\google_remotely_save\long term
#        project\car_compete\Coreboard_Demo\W02_uart_base\iar\Debug_m7_1\Obj\lvd_6353935867039560245.dir\cy_lvd.o"
#        "D:\google_remotely_save\long term
#        project\car_compete\Coreboard_Demo\W02_uart_base\iar\Debug_m7_1\Obj\mcwdt_4052485907822033969.dir\cy_mcwdt.o"
#        "D:\google_remotely_save\long term
#        project\car_compete\Coreboard_Demo\W02_uart_base\iar\Debug_m7_1\Obj\dma_12106025507578611576.dir\cy_mdma.o"
#        "D:\google_remotely_save\long term
#        project\car_compete\Coreboard_Demo\W02_uart_base\iar\Debug_m7_1\Obj\mpu_5663187252346826382.dir\cy_mpu.o"
#        "D:\google_remotely_save\long term
#        project\car_compete\Coreboard_Demo\W02_uart_base\iar\Debug_m7_1\Obj\flash_864493325053435817.dir\cy_mw_flash.o"
#        "D:\google_remotely_save\long term
#        project\car_compete\Coreboard_Demo\W02_uart_base\iar\Debug_m7_1\Obj\dma_12106025507578611576.dir\cy_pdma.o"
#        "D:\google_remotely_save\long term
#        project\car_compete\Coreboard_Demo\W02_uart_base\iar\Debug_m7_1\Obj\power_14453085144426420577.dir\cy_power.o"
#        "D:\google_remotely_save\long term
#        project\car_compete\Coreboard_Demo\W02_uart_base\iar\Debug_m7_1\Obj\prot_10722960861768657883.dir\cy_prot.o"
#        "D:\google_remotely_save\long term
#        project\car_compete\Coreboard_Demo\W02_uart_base\iar\Debug_m7_1\Obj\scb_15490842639181808494.dir\cy_scb_common.o"
#        "D:\google_remotely_save\long term
#        project\car_compete\Coreboard_Demo\W02_uart_base\iar\Debug_m7_1\Obj\scb_15490842639181808494.dir\cy_scb_ezi2c.o"
#        "D:\google_remotely_save\long term
#        project\car_compete\Coreboard_Demo\W02_uart_base\iar\Debug_m7_1\Obj\scb_15490842639181808494.dir\cy_scb_i2c.o"
#        "D:\google_remotely_save\long term
#        project\car_compete\Coreboard_Demo\W02_uart_base\iar\Debug_m7_1\Obj\scb_15490842639181808494.dir\cy_scb_spi.o"
#        "D:\google_remotely_save\long term
#        project\car_compete\Coreboard_Demo\W02_uart_base\iar\Debug_m7_1\Obj\scb_15490842639181808494.dir\cy_scb_uart.o"
#        "D:\google_remotely_save\long term
#        project\car_compete\Coreboard_Demo\W02_uart_base\iar\Debug_m7_1\Obj\sd_host_2982766354293506895.dir\cy_sd_host.o"
#        "D:\google_remotely_save\long term
#        project\car_compete\Coreboard_Demo\W02_uart_base\iar\Debug_m7_1\Obj\semihosting_143864889731838620.dir\cy_semihosting.o"
#        "D:\google_remotely_save\long term
#        project\car_compete\Coreboard_Demo\W02_uart_base\iar\Debug_m7_1\Obj\smartio_5451710003740070188.dir\cy_smartio.o"
#        "D:\google_remotely_save\long term
#        project\car_compete\Coreboard_Demo\W02_uart_base\iar\Debug_m7_1\Obj\smif_427648126384146252.dir\cy_smif.o"
#        "D:\google_remotely_save\long term
#        project\car_compete\Coreboard_Demo\W02_uart_base\iar\Debug_m7_1\Obj\smif_mem_6470536964353725183.dir\cy_smif_device_common.o"
#        "D:\google_remotely_save\long term
#        project\car_compete\Coreboard_Demo\W02_uart_base\iar\Debug_m7_1\Obj\smif_mem_6470536964353725183.dir\cy_smif_hb_flash.o"
#        "D:\google_remotely_save\long term
#        project\car_compete\Coreboard_Demo\W02_uart_base\iar\Debug_m7_1\Obj\smif_427648126384146252.dir\cy_smif_memslot.o"
#        "D:\google_remotely_save\long term
#        project\car_compete\Coreboard_Demo\W02_uart_base\iar\Debug_m7_1\Obj\smif_mem_6470536964353725183.dir\cy_smif_s25fl.o"
#        "D:\google_remotely_save\long term
#        project\car_compete\Coreboard_Demo\W02_uart_base\iar\Debug_m7_1\Obj\smif_mem_6470536964353725183.dir\cy_smif_s25fs.o"
#        "D:\google_remotely_save\long term
#        project\car_compete\Coreboard_Demo\W02_uart_base\iar\Debug_m7_1\Obj\smif_mem_6470536964353725183.dir\cy_smif_semp.o"
#        "D:\google_remotely_save\long term
#        project\car_compete\Coreboard_Demo\W02_uart_base\iar\Debug_m7_1\Obj\smif_427648126384146252.dir\cy_smif_ver_specific.o"
#        "D:\google_remotely_save\long term
#        project\car_compete\Coreboard_Demo\W02_uart_base\iar\Debug_m7_1\Obj\srom_13018798572330080582.dir\cy_srom.o"
#        "D:\google_remotely_save\long term
#        project\car_compete\Coreboard_Demo\W02_uart_base\iar\Debug_m7_1\Obj\sw_timer_4215635015939382130.dir\cy_sw_tmr.o"
#        "D:\google_remotely_save\long term
#        project\car_compete\Coreboard_Demo\W02_uart_base\iar\Debug_m7_1\Obj\sysclk_16149231235676103872.dir\cy_sysclk.o"
#        "D:\google_remotely_save\long term
#        project\car_compete\Coreboard_Demo\W02_uart_base\iar\Debug_m7_1\Obj\sysflt_12293435975120599261.dir\cy_sysflt.o"
#        "D:\google_remotely_save\long term
#        project\car_compete\Coreboard_Demo\W02_uart_base\iar\Debug_m7_1\Obj\sysint_7435970359207984181.dir\cy_sysint.o"
#        "D:\google_remotely_save\long term
#        project\car_compete\Coreboard_Demo\W02_uart_base\iar\Debug_m7_1\Obj\syslib_16330585751512546975.dir\cy_syslib.o"
#        "D:\google_remotely_save\long term
#        project\car_compete\Coreboard_Demo\W02_uart_base\iar\Debug_m7_1\Obj\syslib_16330585751512546975.dir\cy_syslib_iar.o"
#        "D:\google_remotely_save\long term
#        project\car_compete\Coreboard_Demo\W02_uart_base\iar\Debug_m7_1\Obj\syspm_10887939769544754770.dir\cy_syspm.o"
#        "D:\google_remotely_save\long term
#        project\car_compete\Coreboard_Demo\W02_uart_base\iar\Debug_m7_1\Obj\sysreghc_17676636058511625587.dir\cy_sysreghc.o"
#        "D:\google_remotely_save\long term
#        project\car_compete\Coreboard_Demo\W02_uart_base\iar\Debug_m7_1\Obj\sysreset_14586141425677365288.dir\cy_sysreset.o"
#        "D:\google_remotely_save\long term
#        project\car_compete\Coreboard_Demo\W02_uart_base\iar\Debug_m7_1\Obj\sysrtc_10747768817563771611.dir\cy_sysrtc.o"
#        "D:\google_remotely_save\long term
#        project\car_compete\Coreboard_Demo\W02_uart_base\iar\Debug_m7_1\Obj\systick_16016591671695740695.dir\cy_systick.o"
#        "D:\google_remotely_save\long term
#        project\car_compete\Coreboard_Demo\W02_uart_base\iar\Debug_m7_1\Obj\syswdt_9118657615806274156.dir\cy_syswdt.o"
#        "D:\google_remotely_save\long term
#        project\car_compete\Coreboard_Demo\W02_uart_base\iar\Debug_m7_1\Obj\tcpwm_422923530147891246.dir\cy_tcpwm.o"
#        "D:\google_remotely_save\long term
#        project\car_compete\Coreboard_Demo\W02_uart_base\iar\Debug_m7_1\Obj\tcpwm_422923530147891246.dir\cy_tcpwm_counter.o"
#        "D:\google_remotely_save\long term
#        project\car_compete\Coreboard_Demo\W02_uart_base\iar\Debug_m7_1\Obj\tcpwm_422923530147891246.dir\cy_tcpwm_pwm.o"
#        "D:\google_remotely_save\long term
#        project\car_compete\Coreboard_Demo\W02_uart_base\iar\Debug_m7_1\Obj\tcpwm_422923530147891246.dir\cy_tcpwm_quaddec.o"
#        "D:\google_remotely_save\long term
#        project\car_compete\Coreboard_Demo\W02_uart_base\iar\Debug_m7_1\Obj\tcpwm_422923530147891246.dir\cy_tcpwm_sr.o"
#        "D:\google_remotely_save\long term
#        project\car_compete\Coreboard_Demo\W02_uart_base\iar\Debug_m7_1\Obj\trigmux_9729677290734583340.dir\cy_trigmux.o"
#        "D:\google_remotely_save\long term
#        project\car_compete\Coreboard_Demo\W02_uart_base\iar\Debug_m7_1\Obj\ethernet_6029839089178797009.dir\edd.o"
#        "D:\google_remotely_save\long term
#        project\car_compete\Coreboard_Demo\W02_uart_base\iar\Debug_m7_1\Obj\ethernet_6029839089178797009.dir\edd_rx.o"
#        "D:\google_remotely_save\long term
#        project\car_compete\Coreboard_Demo\W02_uart_base\iar\Debug_m7_1\Obj\ethernet_6029839089178797009.dir\edd_tx.o"
#        "D:\google_remotely_save\long term
#        project\car_compete\Coreboard_Demo\W02_uart_base\iar\Debug_m7_1\Obj\user_8514941877209965082.dir\main_cm7_1.o"
#        "D:\google_remotely_save\long term
#        project\car_compete\Coreboard_Demo\W02_uart_base\iar\Debug_m7_1\Obj\zf_components_14936052685886095442.dir\seekfree_assistant.o"
#        "D:\google_remotely_save\long term
#        project\car_compete\Coreboard_Demo\W02_uart_base\iar\Debug_m7_1\Obj\zf_components_14936052685886095442.dir\seekfree_assistant_interface.o"
#        "D:\google_remotely_save\long term
#        project\car_compete\Coreboard_Demo\W02_uart_base\iar\Debug_m7_1\Obj\startup_479057977785470282.dir\startup.o"
#        "D:\google_remotely_save\long term
#        project\car_compete\Coreboard_Demo\W02_uart_base\iar\Debug_m7_1\Obj\startup_479057977785470282.dir\startup_cm7.o"
#        "D:\google_remotely_save\long term
#        project\car_compete\Coreboard_Demo\W02_uart_base\iar\Debug_m7_1\Obj\rev_b_4986922561640112550.dir\system_tviibh4m_cm7.o"
#        "D:\google_remotely_save\long term
#        project\car_compete\Coreboard_Demo\W02_uart_base\iar\Debug_m7_1\Obj\zf_common_1201165462030747823.dir\zf_common_clock.o"
#        "D:\google_remotely_save\long term
#        project\car_compete\Coreboard_Demo\W02_uart_base\iar\Debug_m7_1\Obj\zf_common_1201165462030747823.dir\zf_common_debug.o"
#        "D:\google_remotely_save\long term
#        project\car_compete\Coreboard_Demo\W02_uart_base\iar\Debug_m7_1\Obj\zf_common_1201165462030747823.dir\zf_common_fifo.o"
#        "D:\google_remotely_save\long term
#        project\car_compete\Coreboard_Demo\W02_uart_base\iar\Debug_m7_1\Obj\zf_common_1201165462030747823.dir\zf_common_font.o"
#        "D:\google_remotely_save\long term
#        project\car_compete\Coreboard_Demo\W02_uart_base\iar\Debug_m7_1\Obj\zf_common_1201165462030747823.dir\zf_common_function.o"
#        "D:\google_remotely_save\long term
#        project\car_compete\Coreboard_Demo\W02_uart_base\iar\Debug_m7_1\Obj\zf_common_1201165462030747823.dir\zf_common_interrupt.o"
#        "D:\google_remotely_save\long term
#        project\car_compete\Coreboard_Demo\W02_uart_base\iar\Debug_m7_1\Obj\zf_device_6570275422786408770.dir\zf_device_ble6a20.o"
#        "D:\google_remotely_save\long term
#        project\car_compete\Coreboard_Demo\W02_uart_base\iar\Debug_m7_1\Obj\zf_device_6570275422786408770.dir\zf_device_dl1a.o"
#        "D:\google_remotely_save\long term
#        project\car_compete\Coreboard_Demo\W02_uart_base\iar\Debug_m7_1\Obj\zf_device_6570275422786408770.dir\zf_device_dl1b.o"
#        "D:\google_remotely_save\long term
#        project\car_compete\Coreboard_Demo\W02_uart_base\iar\Debug_m7_1\Obj\zf_device_6570275422786408770.dir\zf_device_gnss.o"
#        "D:\google_remotely_save\long term
#        project\car_compete\Coreboard_Demo\W02_uart_base\iar\Debug_m7_1\Obj\zf_device_6570275422786408770.dir\zf_device_icm20602.o"
#        "D:\google_remotely_save\long term
#        project\car_compete\Coreboard_Demo\W02_uart_base\iar\Debug_m7_1\Obj\zf_device_6570275422786408770.dir\zf_device_imu660ra.o"
#        "D:\google_remotely_save\long term
#        project\car_compete\Coreboard_Demo\W02_uart_base\iar\Debug_m7_1\Obj\zf_device_6570275422786408770.dir\zf_device_imu660rb.o"
#        "D:\google_remotely_save\long term
#        project\car_compete\Coreboard_Demo\W02_uart_base\iar\Debug_m7_1\Obj\zf_device_6570275422786408770.dir\zf_device_imu660rc.o"
#        "D:\google_remotely_save\long term
#        project\car_compete\Coreboard_Demo\W02_uart_base\iar\Debug_m7_1\Obj\zf_device_6570275422786408770.dir\zf_device_imu963ra.o"
#        "D:\google_remotely_save\long term
#        project\car_compete\Coreboard_Demo\W02_uart_base\iar\Debug_m7_1\Obj\zf_device_6570275422786408770.dir\zf_device_ips114.o"
#        "D:\google_remotely_save\long term
#        project\car_compete\Coreboard_Demo\W02_uart_base\iar\Debug_m7_1\Obj\zf_device_6570275422786408770.dir\zf_device_ips200.o"
#        "D:\google_remotely_save\long term
#        project\car_compete\Coreboard_Demo\W02_uart_base\iar\Debug_m7_1\Obj\zf_device_6570275422786408770.dir\zf_device_ips200pro.o"
#        "D:\google_remotely_save\long term
#        project\car_compete\Coreboard_Demo\W02_uart_base\iar\Debug_m7_1\Obj\zf_device_6570275422786408770.dir\zf_device_key.o"
#        "D:\google_remotely_save\long term
#        project\car_compete\Coreboard_Demo\W02_uart_base\iar\Debug_m7_1\Obj\zf_device_6570275422786408770.dir\zf_device_menc15a.o"
#        "D:\google_remotely_save\long term
#        project\car_compete\Coreboard_Demo\W02_uart_base\iar\Debug_m7_1\Obj\zf_device_6570275422786408770.dir\zf_device_mt9v03x.o"
#        "D:\google_remotely_save\long term
#        project\car_compete\Coreboard_Demo\W02_uart_base\iar\Debug_m7_1\Obj\zf_device_6570275422786408770.dir\zf_device_oled.o"
#        "D:\google_remotely_save\long term
#        project\car_compete\Coreboard_Demo\W02_uart_base\iar\Debug_m7_1\Obj\zf_device_6570275422786408770.dir\zf_device_pmw3901.o"
#        "D:\google_remotely_save\long term
#        project\car_compete\Coreboard_Demo\W02_uart_base\iar\Debug_m7_1\Obj\zf_device_6570275422786408770.dir\zf_device_tft180.o"
#        "D:\google_remotely_save\long term
#        project\car_compete\Coreboard_Demo\W02_uart_base\iar\Debug_m7_1\Obj\zf_device_6570275422786408770.dir\zf_device_tsl1401.o"
#        "D:\google_remotely_save\long term
#        project\car_compete\Coreboard_Demo\W02_uart_base\iar\Debug_m7_1\Obj\zf_device_6570275422786408770.dir\zf_device_type.o"
#        "D:\google_remotely_save\long term
#        project\car_compete\Coreboard_Demo\W02_uart_base\iar\Debug_m7_1\Obj\zf_device_6570275422786408770.dir\zf_device_uart_receiver.o"
#        "D:\google_remotely_save\long term
#        project\car_compete\Coreboard_Demo\W02_uart_base\iar\Debug_m7_1\Obj\zf_device_6570275422786408770.dir\zf_device_wifi_spi.o"
#        "D:\google_remotely_save\long term
#        project\car_compete\Coreboard_Demo\W02_uart_base\iar\Debug_m7_1\Obj\zf_device_6570275422786408770.dir\zf_device_wifi_uart.o"
#        "D:\google_remotely_save\long term
#        project\car_compete\Coreboard_Demo\W02_uart_base\iar\Debug_m7_1\Obj\zf_device_6570275422786408770.dir\zf_device_wireless_uart.o"
#        "D:\google_remotely_save\long term
#        project\car_compete\Coreboard_Demo\W02_uart_base\iar\Debug_m7_1\Obj\zf_driver_11922370083829174090.dir\zf_driver_adc.o"
#        "D:\google_remotely_save\long term
#        project\car_compete\Coreboard_Demo\W02_uart_base\iar\Debug_m7_1\Obj\zf_driver_11922370083829174090.dir\zf_driver_delay.o"
#        "D:\google_remotely_save\long term
#        project\car_compete\Coreboard_Demo\W02_uart_base\iar\Debug_m7_1\Obj\zf_driver_11922370083829174090.dir\zf_driver_dma.o"
#        "D:\google_remotely_save\long term
#        project\car_compete\Coreboard_Demo\W02_uart_base\iar\Debug_m7_1\Obj\zf_driver_11922370083829174090.dir\zf_driver_encoder.o"
#        "D:\google_remotely_save\long term
#        project\car_compete\Coreboard_Demo\W02_uart_base\iar\Debug_m7_1\Obj\zf_driver_11922370083829174090.dir\zf_driver_exti.o"
#        "D:\google_remotely_save\long term
#        project\car_compete\Coreboard_Demo\W02_uart_base\iar\Debug_m7_1\Obj\zf_driver_11922370083829174090.dir\zf_driver_flash.o"
#        "D:\google_remotely_save\long term
#        project\car_compete\Coreboard_Demo\W02_uart_base\iar\Debug_m7_1\Obj\zf_driver_11922370083829174090.dir\zf_driver_gpio.o"
#        "D:\google_remotely_save\long term
#        project\car_compete\Coreboard_Demo\W02_uart_base\iar\Debug_m7_1\Obj\zf_driver_11922370083829174090.dir\zf_driver_ipc.o"
#        "D:\google_remotely_save\long term
#        project\car_compete\Coreboard_Demo\W02_uart_base\iar\Debug_m7_1\Obj\zf_driver_11922370083829174090.dir\zf_driver_pit.o"
#        "D:\google_remotely_save\long term
#        project\car_compete\Coreboard_Demo\W02_uart_base\iar\Debug_m7_1\Obj\zf_driver_11922370083829174090.dir\zf_driver_pwm.o"
#        "D:\google_remotely_save\long term
#        project\car_compete\Coreboard_Demo\W02_uart_base\iar\Debug_m7_1\Obj\zf_driver_11922370083829174090.dir\zf_driver_soft_iic.o"
#        "D:\google_remotely_save\long term
#        project\car_compete\Coreboard_Demo\W02_uart_base\iar\Debug_m7_1\Obj\zf_driver_11922370083829174090.dir\zf_driver_soft_spi.o"
#        "D:\google_remotely_save\long term
#        project\car_compete\Coreboard_Demo\W02_uart_base\iar\Debug_m7_1\Obj\zf_driver_11922370083829174090.dir\zf_driver_spi.o"
#        "D:\google_remotely_save\long term
#        project\car_compete\Coreboard_Demo\W02_uart_base\iar\Debug_m7_1\Obj\zf_driver_11922370083829174090.dir\zf_driver_timer.o"
#        "D:\google_remotely_save\long term
#        project\car_compete\Coreboard_Demo\W02_uart_base\iar\Debug_m7_1\Obj\zf_driver_11922370083829174090.dir\zf_driver_uart.o"
#        --no_out_extension -o "D:\google_remotely_save\long term
#        project\car_compete\Coreboard_Demo\W02_uart_base\iar\project_config\Debug_m7_1\Exe\cyt4bb7_cm_7_1.out"
#        --config_def _CORE_cm7_1_=0 --config_def _LINK_flash_=0 --map
#        "D:\google_remotely_save\long term
#        project\car_compete\Coreboard_Demo\W02_uart_base\iar\Debug_m7_1\List\cyt4bb7_cm_7_1.map"
#        --config "D:\google_remotely_save\long term
#        project\car_compete\Coreboard_Demo\W02_uart_base\iar\project_config\..\icf\linker_directives_tviibh.icf"
#        --semihosting "D:\google_remotely_save\long term
#        project\car_compete\Coreboard_Demo\W02_uart_base\iar\project_config\..\..\..\libraries\sdk\tviibh4m\src\drivers\crypto\libs\libcrypto_server_cm0plus_iar.a"
#        "D:\google_remotely_save\long term
#        project\car_compete\Coreboard_Demo\W02_uart_base\iar\project_config\..\..\..\libraries\zf_device\zf_device_config.a"
#        "D:\google_remotely_save\long term
#        project\car_compete\Coreboard_Demo\W02_uart_base\iar\project_config\..\..\..\libraries\sdk\common\hdr\cmsis\dsp\iar_cortexM7lf_math.a"
#        --entry __iar_program_start --vfe --text_out locale --cpu=Cortex-M7
#        --fpu=VFPv5_d16) --dependencies=n "D:\google_remotely_save\long term
#        project\car_compete\Coreboard_Demo\W02_uart_base\iar\project_config\Debug_m7_1\Exe\cyt4bb7_cm_7_1.out.iar_deps"
#
###############################################################################

*******************************************************************************
*** RUNTIME MODEL ATTRIBUTES
***

CppFlavor       = *
__CPP_Runtime   = 1
__Heap_Handler  = Basic
__SystemLibrary = DLib
__dlib_version  = 6


*******************************************************************************
*** HEAP SELECTION
***

The basic heap was selected because --advanced_heap
was not specified and the application did not appear to
be primarily optimized for speed.


*******************************************************************************
*** PLACEMENT SUMMARY
***

"A0":  place at start of [from 0x1028'0000 to 0x1040'ffff] { section .intvec };
"P1":  place in [from 0x1028'0000 to 0x1040'ffff] { ro };
"P2":  place in [from 0x2808'0000 to 0x280b'ffff] { rw };
define block HEAP with size = 1K, alignment = 8 { };
define block CSTACK with size = 8K, alignment = 8 { };
define block HEAP_STACK { block HEAP, last block CSTACK };
"A1":  place at end of [from 0x2808'0000 to 0x280b'ffff] { block HEAP_STACK };
do not initialize { section .intvec_ram };
initialize by copy { rw };

No sections matched the following patterns:

  ro section .sflash_app_prot  in "P6"
  ro section .sflash_nar       in "P4"
  ro section .sflash_pkey      in "P5"
  ro section .sflash_toc2      in "P7"
  ro section .sflash_uf_rows   in "P3"
  ro section .work_flash       in "P8"
  section .global_ram_data     in "P9"


  Section            Kind         Address    Size  Object
  -------            ----         -------    ----  ------
"A0":                                        0x80
  .intvec            ro code  0x1028'0000    0x80  startup_cm7.o [30]
                            - 0x1028'0080    0x80

"P1":                                      0x1d26
  .text              ro code  0x1028'0080   0x8e8  cy_sysclk.o [32]
  .text              ro code  0x1028'0968    0x70  strncpy.o [51]
  .text              ro code  0x1028'09d8    0xa8  cy_syslib.o [35]
  .text              ro code  0x1028'0a80    0x86  ABImemcpy.o [51]
  .text              ro code  0x1028'0b06    0x7e  lz77_init_single.o [51]
  .text              ro code  0x1028'0b84   0x230  I64DivMod.o [51]
  .text              ro code  0x1028'0db4    0x66  ABImemset.o [51]
  .text              ro code  0x1028'0e1a     0x2  cy_syslib.o [35]
  .text              ro code  0x1028'0e1c     0x2  I64DivZer.o [51]
  .text              ro code  0x1028'0e20   0x220  zf_driver_delay.o [48]
  .text              ro code  0x1028'1040   0x18e  cy_tcpwm_counter.o [42]
  .text              ro code  0x1028'11ce     0xc  cy_tcpwm.o [42]
  .text              ro code  0x1028'11dc   0x204  startup.o [30]
  .text              ro code  0x1028'13e0   0x150  system_tviibh4m_cm7.o [21]
  .text              ro code  0x1028'1530     0x8  startup_cm7.o [30]
  .text              ro code  0x1028'1538     0x6  startup_cm7.o [30]
  .text              ro code  0x1028'1540   0x198  cy_interrupt_map.o [22]
  .text              ro code  0x1028'16d8    0xb0  startup_cm7.o [30]
  .text              ro code  0x1028'1788    0x84  zf_driver_uart.o [48]
  .rodata            const    0x1028'180c    0x80  system_tviibh4m_cm7.o [21]
  .rodata            const    0x1028'188c    0x7c  cy_sysclk.o [32]
  .rodata            const    0x1028'1908    0x7c  cy_sysclk.o [32]
  .text              ro code  0x1028'1984    0x7c  zf_common_debug.o [45]
  .text              ro code  0x1028'1a00    0x38  zero_init3.o [51]
  .text              ro code  0x1028'1a38    0x28  data_init.o [51]
  .text              ro code  0x1028'1a60    0x22  fpinit_M.o [50]
  .iar.init_table    const    0x1028'1a84    0x20  - Linker created -
  .text              ro code  0x1028'1aa4    0x20  startup_cm7.o [30]
  .text              ro code  0x1028'1ad0    0x1e  cy_syslib_iar.o [35]
  .text              ro code  0x1028'1af0    0x1e  cmain.o [51]
  .text              ro code  0x1028'1b10     0x4  startup_cm7.o [30]
  .text              ro code  0x1028'1b14    0x14  main_cm7_1.o [44]
  .text              ro code  0x1028'1b28     0x4  exit.o [49]
  .text              ro code  0x1028'1b2c    0x1c  zf_common_clock.o [45]
  .text              ro code  0x1028'1b48     0xa  cexit.o [51]
  .text              ro code  0x1028'1b54    0x14  zf_common_interrupt.o [45]
  .text              ro code  0x1028'1b68    0x14  exit.o [52]
  .text              ro code  0x1028'1b7c    0x1c  startup_cm7.o [30]
  .text              ro code  0x1028'1b98    0x1c  cstartup_M.o [51]
  .rodata            const    0x1028'1bb4    0x18  startup.o [30]
  .rodata            const    0x1028'1bcc    0x18  system_tviibh4m_cm7.o [21]
  .text              ro code  0x1028'1be4     0xc  cy_syslib.o [35]
  .rodata            const    0x1028'1bf0     0x8  cy_sysclk.o [32]
  .rodata            const    0x1028'1bf8     0x4  cy_interrupt_map.o [22]
  .rodata            const    0x1028'1bfc     0x4  cy_interrupt_map.o [22]
  .rodata            const    0x1028'1c00     0x4  cy_interrupt_map.o [22]
  .rodata            const    0x1028'1c04     0x4  cy_interrupt_map.o [22]
  .rodata            const    0x1028'1c08     0x4  cy_interrupt_map.o [22]
  .rodata            const    0x1028'1c0c     0x4  cy_interrupt_map.o [22]
  .rodata            const    0x1028'1c10     0x4  cy_interrupt_map.o [22]
  .rodata            const    0x1028'1c14     0x4  cy_interrupt_map.o [22]
  .rodata            const    0x1028'1c18     0x4  cy_tcpwm_counter.o [42]
  .rodata            const    0x1028'1c1c     0x4  cy_tcpwm_counter.o [42]
  .rodata            const    0x1028'1c20     0x4  cy_tcpwm_counter.o [42]
  .rodata            const    0x1028'1c24     0x4  cy_tcpwm_counter.o [42]
  .rodata            const    0x1028'1c28     0x4  cy_tcpwm_counter.o [42]
  .text              ro code  0x1028'1c2c     0x4  startup_cm7.o [30]
  .text              ro code  0x1028'1c30     0x4  startup_cm7.o [30]
  .text              ro code  0x1028'1c34     0x4  startup_cm7.o [30]
  .text              ro code  0x1028'1c38     0x4  startup_cm7.o [30]
  .text              ro code  0x1028'1c3c     0x4  startup_cm7.o [30]
  .text              ro code  0x1028'1c40     0x4  startup_cm7.o [30]
  .text              ro code  0x1028'1c44     0x4  startup_cm7.o [30]
  .text              ro code  0x1028'1c48     0x4  startup_cm7.o [30]
  .text              ro code  0x1028'1c4c     0x4  startup_cm7.o [30]
  .text              ro code  0x1028'1c50     0x4  startup_cm7.o [30]
  .text              ro code  0x1028'1c54     0x4  startup_cm7.o [30]
  .text              ro code  0x1028'1c58     0x4  startup_cm7.o [30]
  .text              ro code  0x1028'1c5c     0x4  startup_cm7.o [30]
  .text              ro code  0x1028'1c60     0x4  startup_cm7.o [30]
  .text              ro code  0x1028'1c64     0x4  startup_cm7.o [30]
  .rodata            const    0x1028'1c68     0x0  zero_init3.o [51]
  .rodata            const    0x1028'1c68     0x0  lz77_init_single.o [51]
  Initializer bytes  const    0x1028'1c68    0x37  <for P2-1>
                            - 0x1028'1c9f  0x1c1f

"P2", part 1 of 3:                          0x70b
  P2-1                        0x2808'0000   0x70b  <Init block>
    .data            inited   0x2808'0000   0x6ec  cy_interrupt_map.o [22]
    .data            inited   0x2808'06ec    0x1c  zf_driver_uart.o [48]
    .data            inited   0x2808'0708     0x2  zf_driver_delay.o [48]
    .data            inited   0x2808'070a     0x1  zf_driver_delay.o [48]
                            - 0x2808'070b   0x70b

"P2", part 2 of 3:                           0xd8
  .bss               zero     0x2808'070c    0x70  cy_syslib.o [35]
  .bss               zero     0x2808'077c    0x18  cy_sysclk.o [32]
  .bss               zero     0x2808'0794    0x18  cy_syslib.o [35]
  .bss               zero     0x2808'07ac    0x14  zf_common_debug.o [45]
  .bss               zero     0x2808'07c0     0x4  cy_syslib.o [35]
  .bss               zero     0x2808'07c4     0x4  system_tviibh4m_cm7.o [21]
  .bss               zero     0x2808'07c8     0x4  system_tviibh4m_cm7.o [21]
  .bss               zero     0x2808'07cc     0x4  system_tviibh4m_cm7.o [21]
  .bss               zero     0x2808'07d0     0x4  system_tviibh4m_cm7.o [21]
  .bss               zero     0x2808'07d4     0x4  system_tviibh4m_cm7.o [21]
  .bss               zero     0x2808'07d8     0x4  zf_common_clock.o [45]
  .bss               zero     0x2808'07dc     0x4  zf_common_interrupt.o [45]
  .bss               zero     0x2808'07e0     0x1  cy_sysclk.o [32]
  .bss               zero     0x2808'07e1     0x1  zf_common_debug.o [45]
                            - 0x2808'07e2    0xd6

"P2", part 3 of 3:                           0x80
  .intvec_ram        uninit   0x2808'0800    0x80  startup_cm7.o [30]
                            - 0x2808'0880    0x80

"A1":                                      0x2000
  HEAP_STACK                  0x280b'e000  0x2000  <Block>
    CSTACK                    0x280b'e000  0x2000  <Block>
      CSTACK         uninit   0x280b'e000  0x2000  <Block tail>
                            - 0x280c'0000  0x2000

Unused ranges:

         From           To       Size
         ----           --       ----
  0x1028'1da6  0x1040'ffff  0x18'e25a
  0x2808'070b  0x2808'070b        0x1
  0x2808'07e4  0x2808'07ff       0x1c
  0x2808'0880  0x280b'dfff   0x3'd780


*******************************************************************************
*** INIT TABLE
***

          Address      Size
          -------      ----
Zero (__iar_zero_init3)
    1 destination range, total size 0xd6:
          0x2808'070c   0xd6

Copy/lz77 (__iar_lz77_init_single3)
    1 source range, total size 0x37 (3% of destination):
          0x1028'1c68   0x37
    1 destination range, total size 0x70b:
          0x2808'0000  0x70b



*******************************************************************************
*** MODULE SUMMARY
***

    Module                 ro code  ro data  rw data
    ------                 -------  -------  -------
command line/config:
    ------------------------------------------------
    Total:

D:\google_remotely_save\long term project\car_compete\Coreboard_Demo\W02_uart_base\iar\Debug_m7_1\Obj\adc_11722776235721520015.dir: [1]
    ------------------------------------------------
    Total:

D:\google_remotely_save\long term project\car_compete\Coreboard_Demo\W02_uart_base\iar\Debug_m7_1\Obj\audioss_1346650047966882938.dir: [2]
    ------------------------------------------------
    Total:

D:\google_remotely_save\long term project\car_compete\Coreboard_Demo\W02_uart_base\iar\Debug_m7_1\Obj\button_4990804375159372270.dir: [3]
    ------------------------------------------------
    Total:

D:\google_remotely_save\long term project\car_compete\Coreboard_Demo\W02_uart_base\iar\Debug_m7_1\Obj\canfd_1800690984773873875.dir: [4]
    ------------------------------------------------
    Total:

D:\google_remotely_save\long term project\car_compete\Coreboard_Demo\W02_uart_base\iar\Debug_m7_1\Obj\cpu_15938736945165268644.dir: [5]
    ------------------------------------------------
    Total:

D:\google_remotely_save\long term project\car_compete\Coreboard_Demo\W02_uart_base\iar\Debug_m7_1\Obj\crypto_1190170608956581615.dir: [6]
    ------------------------------------------------
    Total:

D:\google_remotely_save\long term project\car_compete\Coreboard_Demo\W02_uart_base\iar\Debug_m7_1\Obj\dma_12106025507578611576.dir: [7]
    ------------------------------------------------
    Total:

D:\google_remotely_save\long term project\car_compete\Coreboard_Demo\W02_uart_base\iar\Debug_m7_1\Obj\eth_phy_18133017486186456677.dir: [8]
    ------------------------------------------------
    Total:

D:\google_remotely_save\long term project\car_compete\Coreboard_Demo\W02_uart_base\iar\Debug_m7_1\Obj\ethernet_6029839089178797009.dir: [9]
    ------------------------------------------------
    Total:

D:\google_remotely_save\long term project\car_compete\Coreboard_Demo\W02_uart_base\iar\Debug_m7_1\Obj\evtgen_3404189088603873129.dir: [10]
    ------------------------------------------------
    Total:

D:\google_remotely_save\long term project\car_compete\Coreboard_Demo\W02_uart_base\iar\Debug_m7_1\Obj\flash_8529866181315662935.dir: [11]
    ------------------------------------------------
    Total:

D:\google_remotely_save\long term project\car_compete\Coreboard_Demo\W02_uart_base\iar\Debug_m7_1\Obj\flash_864493325053435817.dir: [12]
    ------------------------------------------------
    Total:

D:\google_remotely_save\long term project\car_compete\Coreboard_Demo\W02_uart_base\iar\Debug_m7_1\Obj\gpio_3999404635324069351.dir: [13]
    ------------------------------------------------
    Total:

D:\google_remotely_save\long term project\car_compete\Coreboard_Demo\W02_uart_base\iar\Debug_m7_1\Obj\ipc_10145506163450686023.dir: [14]
    ------------------------------------------------
    Total:

D:\google_remotely_save\long term project\car_compete\Coreboard_Demo\W02_uart_base\iar\Debug_m7_1\Obj\lin_18429031207028094880.dir: [15]
    ------------------------------------------------
    Total:

D:\google_remotely_save\long term project\car_compete\Coreboard_Demo\W02_uart_base\iar\Debug_m7_1\Obj\lvd_6353935867039560245.dir: [16]
    ------------------------------------------------
    Total:

D:\google_remotely_save\long term project\car_compete\Coreboard_Demo\W02_uart_base\iar\Debug_m7_1\Obj\mcwdt_4052485907822033969.dir: [17]
    ------------------------------------------------
    Total:

D:\google_remotely_save\long term project\car_compete\Coreboard_Demo\W02_uart_base\iar\Debug_m7_1\Obj\mpu_5663187252346826382.dir: [18]
    ------------------------------------------------
    Total:

D:\google_remotely_save\long term project\car_compete\Coreboard_Demo\W02_uart_base\iar\Debug_m7_1\Obj\power_14453085144426420577.dir: [19]
    ------------------------------------------------
    Total:

D:\google_remotely_save\long term project\car_compete\Coreboard_Demo\W02_uart_base\iar\Debug_m7_1\Obj\prot_10722960861768657883.dir: [20]
    ------------------------------------------------
    Total:

D:\google_remotely_save\long term project\car_compete\Coreboard_Demo\W02_uart_base\iar\Debug_m7_1\Obj\rev_b_4986922561640112550.dir: [21]
    system_tviibh4m_cm7.o      336      152       20
    ------------------------------------------------
    Total:                     336      152       20

D:\google_remotely_save\long term project\car_compete\Coreboard_Demo\W02_uart_base\iar\Debug_m7_1\Obj\rev_b_6162237342861132223.dir: [22]
    cy_interrupt_map.o         408       86    1'772
    ------------------------------------------------
    Total:                     408       86    1'772

D:\google_remotely_save\long term project\car_compete\Coreboard_Demo\W02_uart_base\iar\Debug_m7_1\Obj\scb_15490842639181808494.dir: [23]
    ------------------------------------------------
    Total:

D:\google_remotely_save\long term project\car_compete\Coreboard_Demo\W02_uart_base\iar\Debug_m7_1\Obj\sd_host_2982766354293506895.dir: [24]
    ------------------------------------------------
    Total:

D:\google_remotely_save\long term project\car_compete\Coreboard_Demo\W02_uart_base\iar\Debug_m7_1\Obj\semihosting_143864889731838620.dir: [25]
    ------------------------------------------------
    Total:

D:\google_remotely_save\long term project\car_compete\Coreboard_Demo\W02_uart_base\iar\Debug_m7_1\Obj\smartio_5451710003740070188.dir: [26]
    ------------------------------------------------
    Total:

D:\google_remotely_save\long term project\car_compete\Coreboard_Demo\W02_uart_base\iar\Debug_m7_1\Obj\smif_427648126384146252.dir: [27]
    ------------------------------------------------
    Total:

D:\google_remotely_save\long term project\car_compete\Coreboard_Demo\W02_uart_base\iar\Debug_m7_1\Obj\smif_mem_6470536964353725183.dir: [28]
    ------------------------------------------------
    Total:

D:\google_remotely_save\long term project\car_compete\Coreboard_Demo\W02_uart_base\iar\Debug_m7_1\Obj\srom_13018798572330080582.dir: [29]
    ------------------------------------------------
    Total:

D:\google_remotely_save\long term project\car_compete\Coreboard_Demo\W02_uart_base\iar\Debug_m7_1\Obj\startup_479057977785470282.dir: [30]
    startup.o                  516       24
    startup_cm7.o              442               128
    ------------------------------------------------
    Total:                     958       24      128

D:\google_remotely_save\long term project\car_compete\Coreboard_Demo\W02_uart_base\iar\Debug_m7_1\Obj\sw_timer_4215635015939382130.dir: [31]
    ------------------------------------------------
    Total:

D:\google_remotely_save\long term project\car_compete\Coreboard_Demo\W02_uart_base\iar\Debug_m7_1\Obj\sysclk_16149231235676103872.dir: [32]
    cy_sysclk.o              2'280      256       25
    ------------------------------------------------
    Total:                   2'280      256       25

D:\google_remotely_save\long term project\car_compete\Coreboard_Demo\W02_uart_base\iar\Debug_m7_1\Obj\sysflt_12293435975120599261.dir: [33]
    ------------------------------------------------
    Total:

D:\google_remotely_save\long term project\car_compete\Coreboard_Demo\W02_uart_base\iar\Debug_m7_1\Obj\sysint_7435970359207984181.dir: [34]
    ------------------------------------------------
    Total:

D:\google_remotely_save\long term project\car_compete\Coreboard_Demo\W02_uart_base\iar\Debug_m7_1\Obj\syslib_16330585751512546975.dir: [35]
    cy_syslib.o                182               140
    cy_syslib_iar.o             30
    ------------------------------------------------
    Total:                     212               140

D:\google_remotely_save\long term project\car_compete\Coreboard_Demo\W02_uart_base\iar\Debug_m7_1\Obj\syspm_10887939769544754770.dir: [36]
    ------------------------------------------------
    Total:

D:\google_remotely_save\long term project\car_compete\Coreboard_Demo\W02_uart_base\iar\Debug_m7_1\Obj\sysreghc_17676636058511625587.dir: [37]
    ------------------------------------------------
    Total:

D:\google_remotely_save\long term project\car_compete\Coreboard_Demo\W02_uart_base\iar\Debug_m7_1\Obj\sysreset_14586141425677365288.dir: [38]
    ------------------------------------------------
    Total:

D:\google_remotely_save\long term project\car_compete\Coreboard_Demo\W02_uart_base\iar\Debug_m7_1\Obj\sysrtc_10747768817563771611.dir: [39]
    ------------------------------------------------
    Total:

D:\google_remotely_save\long term project\car_compete\Coreboard_Demo\W02_uart_base\iar\Debug_m7_1\Obj\systick_16016591671695740695.dir: [40]
    ------------------------------------------------
    Total:

D:\google_remotely_save\long term project\car_compete\Coreboard_Demo\W02_uart_base\iar\Debug_m7_1\Obj\syswdt_9118657615806274156.dir: [41]
    ------------------------------------------------
    Total:

D:\google_remotely_save\long term project\car_compete\Coreboard_Demo\W02_uart_base\iar\Debug_m7_1\Obj\tcpwm_422923530147891246.dir: [42]
    cy_tcpwm.o                  12
    cy_tcpwm_counter.o         398       20
    ------------------------------------------------
    Total:                     410       20

D:\google_remotely_save\long term project\car_compete\Coreboard_Demo\W02_uart_base\iar\Debug_m7_1\Obj\trigmux_9729677290734583340.dir: [43]
    ------------------------------------------------
    Total:

D:\google_remotely_save\long term project\car_compete\Coreboard_Demo\W02_uart_base\iar\Debug_m7_1\Obj\user_8514941877209965082.dir: [44]
    main_cm7_1.o                20
    ------------------------------------------------
    Total:                      20

D:\google_remotely_save\long term project\car_compete\Coreboard_Demo\W02_uart_base\iar\Debug_m7_1\Obj\zf_common_1201165462030747823.dir: [45]
    zf_common_clock.o           28                 4
    zf_common_debug.o          124                21
    zf_common_interrupt.o       20                 4
    ------------------------------------------------
    Total:                     172                29

D:\google_remotely_save\long term project\car_compete\Coreboard_Demo\W02_uart_base\iar\Debug_m7_1\Obj\zf_components_14936052685886095442.dir: [46]
    ------------------------------------------------
    Total:

D:\google_remotely_save\long term project\car_compete\Coreboard_Demo\W02_uart_base\iar\Debug_m7_1\Obj\zf_device_6570275422786408770.dir: [47]
    ------------------------------------------------
    Total:

D:\google_remotely_save\long term project\car_compete\Coreboard_Demo\W02_uart_base\iar\Debug_m7_1\Obj\zf_driver_11922370083829174090.dir: [48]
    zf_driver_delay.o          544        1        3
    zf_driver_uart.o           132                28
    ------------------------------------------------
    Total:                     676        1       31

dl7M_tln.a: [49]
    exit.o                       4
    ------------------------------------------------
    Total:                       4

m7M_tlv.a: [50]
    fpinit_M.o                  34
    ------------------------------------------------
    Total:                      34

rt7M_tl.a: [51]
    ABImemcpy.o                134
    ABImemset.o                102
    I64DivMod.o                560
    I64DivZer.o                  2
    cexit.o                     10
    cmain.o                     30
    cstartup_M.o                28
    data_init.o                 40
    lz77_init_single.o         126
    strncpy.o                  112
    zero_init3.o                56
    ------------------------------------------------
    Total:                   1'200

shb_l.a: [52]
    exit.o                      20
    ------------------------------------------------
    Total:                      20

    Gaps                        24        2
    Linker created                       32    8'192
----------------------------------------------------
    Grand Total:             6'754      573   10'337


*******************************************************************************
*** ENTRY LIST
***

Entry                       Address   Size  Type      Object
-----                       -------   ----  ----      ------
.iar.init_table$$Base   0x1028'1a84          --   Gb  - Linker created -
.iar.init_table$$Limit  0x1028'1aa4          --   Gb  - Linker created -
?main                   0x1028'1af1         Code  Gb  cmain.o [51]
BusFault_Handler        0x1028'1c35         Code  Wk  startup_cm7.o [30]
CSTACK$$Base            0x280b'e000          --   Gb  - Linker created -
CSTACK$$Limit           0x280c'0000          --   Gb  - Linker created -
CopyVectorTable         0x1028'137d   0x34  Code  Lc  startup.o [30]
CpuUserInt0_Handler     0x1028'155f   0x26  Code  Gb  cy_interrupt_map.o [22]
CpuUserInt10_Handler    0x1028'1c51         Code  Wk  startup_cm7.o [30]
CpuUserInt11_Handler    0x1028'1c55         Code  Wk  startup_cm7.o [30]
CpuUserInt12_Handler    0x1028'1c59         Code  Wk  startup_cm7.o [30]
CpuUserInt13_Handler    0x1028'1c5d         Code  Wk  startup_cm7.o [30]
CpuUserInt14_Handler    0x1028'1c61         Code  Wk  startup_cm7.o [30]
CpuUserInt15_Handler    0x1028'1c65         Code  Wk  startup_cm7.o [30]
CpuUserInt1_Handler     0x1028'1585   0x26  Code  Gb  cy_interrupt_map.o [22]
CpuUserInt2_Handler     0x1028'15ab   0x26  Code  Gb  cy_interrupt_map.o [22]
CpuUserInt3_Handler     0x1028'15d1   0x26  Code  Gb  cy_interrupt_map.o [22]
CpuUserInt4_Handler     0x1028'15f7   0x26  Code  Gb  cy_interrupt_map.o [22]
CpuUserInt5_Handler     0x1028'161d   0x26  Code  Gb  cy_interrupt_map.o [22]
CpuUserInt6_Handler     0x1028'1643   0x26  Code  Gb  cy_interrupt_map.o [22]
CpuUserInt7_Handler     0x1028'1669   0x26  Code  Gb  cy_interrupt_map.o [22]
CpuUserInt8_Handler     0x1028'1c49         Code  Wk  startup_cm7.o [30]
CpuUserInt9_Handler     0x1028'1c4d         Code  Wk  startup_cm7.o [30]
Cy_DefaultUserHandler   0x1028'155d    0x2  Code  Gb  cy_interrupt_map.o [22]
Cy_RestoreIRQ           0x1028'1539         Code  Gb  startup_cm7.o [30]
Cy_SCB_GetNumInTxFifo   0x1028'178f    0xa  Code  Lc  zf_driver_uart.o [48]
Cy_SCB_GetTxSrValid     0x1028'1799    0xa  Code  Lc  zf_driver_uart.o [48]
Cy_SCB_IsTxComplete     0x1028'17a3   0x22  Code  Lc  zf_driver_uart.o [48]
Cy_SCB_WriteTxFifo      0x1028'1789    0x6  Code  Lc  zf_driver_uart.o [48]
Cy_SaveIRQ              0x1028'1531         Code  Gb  startup_cm7.o [30]
Cy_SysClk_CheckDividerExisting
                        0x1028'0e21   0x2a  Code  Lc  zf_driver_delay.o [48]
Cy_SysClk_ClkPathGetSource
                        0x1028'01f5   0x54  Code  Gb  cy_sysclk.o [32]
Cy_SysClk_EcoGetStatus  0x1028'0081   0x1a  Code  Lc  cy_sysclk.o [32]
Cy_SysClk_Fast0ClkGetDivider
                        0x1028'01c9   0x16  Code  Lc  cy_sysclk.o [32]
Cy_SysClk_Fast1ClkGetDivider
                        0x1028'01df   0x16  Code  Lc  cy_sysclk.o [32]
Cy_SysClk_FllGetConfiguration
                        0x1028'0251   0x7e  Code  Gb  cy_sysclk.o [32]
Cy_SysClk_FllGetLockStatus
                        0x1028'009b    0xc  Code  Lc  cy_sysclk.o [32]
Cy_SysClk_GetClockGroup
                        0x1028'0ec9    0x8  Code  Lc  zf_driver_delay.o [48]
Cy_SysClk_GetCoreFrequency
                        0x1028'0915   0x2a  Code  Gb  cy_sysclk.o [32]
Cy_SysClk_GetEcoFrequency
                        0x1028'041d   0x32  Code  Gb  cy_sysclk.o [32]
Cy_SysClk_GetExtFrequency
                        0x1028'0451   0x1e  Code  Gb  cy_sysclk.o [32]
Cy_SysClk_GetFast0Frequency
                        0x1028'0869   0x56  Code  Gb  cy_sysclk.o [32]
Cy_SysClk_GetFast1Frequency
                        0x1028'08bf   0x56  Code  Gb  cy_sysclk.o [32]
Cy_SysClk_GetFllInputFrequency
                        0x1028'0571    0xc  Code  Gb  cy_sysclk.o [32]
Cy_SysClk_GetFllOutputFrequency
                        0x1028'0599   0x78  Code  Gb  cy_sysclk.o [32]
Cy_SysClk_GetHfClkFrequency
                        0x1028'07eb   0x7a  Code  Gb  cy_sysclk.o [32]
Cy_SysClk_GetIlo0Frequency
                        0x1028'046f   0x32  Code  Gb  cy_sysclk.o [32]
Cy_SysClk_GetIlo1Frequency
                        0x1028'04a1   0x32  Code  Gb  cy_sysclk.o [32]
Cy_SysClk_GetImoFrequency
                        0x1028'03eb   0x32  Code  Gb  cy_sysclk.o [32]
Cy_SysClk_GetPathFrequency
                        0x1028'07b9   0x32  Code  Gb  cy_sysclk.o [32]
Cy_SysClk_GetPathSourceFrequency
                        0x1028'050d   0x64  Code  Gb  cy_sysclk.o [32]
Cy_SysClk_GetPll400MNo  0x1028'00e5   0x14  Code  Lc  cy_sysclk.o [32]
Cy_SysClk_GetPllInputFrequency
                        0x1028'057d   0x1c  Code  Gb  cy_sysclk.o [32]
Cy_SysClk_GetPllNo      0x1028'00a9   0x12  Code  Lc  cy_sysclk.o [32]
Cy_SysClk_GetPllOutputFrequency
                        0x1028'0615  0x1a0  Code  Gb  cy_sysclk.o [32]
Cy_SysClk_GetWcoFrequency
                        0x1028'04d3   0x32  Code  Gb  cy_sysclk.o [32]
Cy_SysClk_HfClockGetDivider
                        0x1028'0187   0x42  Code  Lc  cy_sysclk.o [32]
Cy_SysClk_HfClockGetSource
                        0x1028'0133   0x54  Code  Lc  cy_sysclk.o [32]
Cy_SysClk_InitGetFreqParams
                        0x1028'03d1   0x1a  Code  Gb  cy_sysclk.o [32]
Cy_SysClk_PeriphAssignDivider
                        0x1028'0ed1   0x68  Code  Lc  zf_driver_delay.o [48]
Cy_SysClk_PeriphEnableDivider
                        0x1028'0f39   0x4c  Code  Lc  zf_driver_delay.o [48]
Cy_SysClk_PeriphSetDivider
                        0x1028'0e4b   0x7e  Code  Lc  zf_driver_delay.o [48]
Cy_SysClk_Pll400MGetConfiguration
                        0x1028'033d   0x84  Code  Gb  cy_sysclk.o [32]
Cy_SysClk_Pll400MGetLockStatus
                        0x1028'00f9   0x2a  Code  Lc  cy_sysclk.o [32]
Cy_SysClk_PllGetConfiguration
                        0x1028'02e9   0x48  Code  Gb  cy_sysclk.o [32]
Cy_SysClk_PllGetLockStatus
                        0x1028'00bb   0x28  Code  Lc  cy_sysclk.o [32]
Cy_SysClk_WcoOkay       0x1028'0125    0xe  Code  Lc  cy_sysclk.o [32]
Cy_SysLib_DelayCycles   0x1028'1ad1         Code  Gb  cy_syslib_iar.o [35]
Cy_SysLib_EnterCriticalSection
                        0x1028'1ae1         Code  Gb  cy_syslib_iar.o [35]
Cy_SysLib_ExitCriticalSection
                        0x1028'1ae9         Code  Gb  cy_syslib_iar.o [35]
Cy_SysLib_FaultHandler  0x1028'09dd   0x90  Code  Gb  cy_syslib.o [35]
Cy_SysLib_Halt          0x1028'09d9    0x4  Code  Gb  cy_syslib.o [35]
Cy_SysLib_ProcessingFault
                        0x1028'0e1b    0x2  Code  Wk  cy_syslib.o [35]
Cy_SysLib_SvcHandler    0x1028'1be5    0xc  Code  Wk  cy_syslib.o [35]
Cy_SystemInitFpuEnable  0x1028'14d1   0x1e  Code  Gb  system_tviibh4m_cm7.o [21]
Cy_SystemIrqUserTable   0x2808'0000  0x6ec  Data  Gb  cy_interrupt_map.o [22]
Cy_Tcpwm_Counter_Enable
                        0x1028'11c1    0xa  Code  Gb  cy_tcpwm_counter.o [42]
Cy_Tcpwm_Counter_Init   0x1028'1041  0x16c  Code  Gb  cy_tcpwm_counter.o [42]
Cy_Tcpwm_Counter_SetCounter
                        0x1028'11cb    0x4  Code  Gb  cy_tcpwm_counter.o [42]
Cy_Tcpwm_TriggerStart   0x1028'11cf    0xc  Code  Gb  cy_tcpwm.o [42]
Cy_u32StartupStackEndAddress
                        0x1028'1784         Data  Gb  startup_cm7.o [30]
Cy_u32StartupStackStartAddress
                        0x1028'1780         Data  Gb  startup_cm7.o [30]
DebugMon_Handler        0x1028'1c3d         Code  Wk  startup_cm7.o [30]
HEAP_STACK$$Base        0x280b'e000          --   Gb  - Linker created -
HEAP_STACK$$Limit       0x280c'0000          --   Gb  - Linker created -
HardFault_Handler       0x1028'1aa5         Code  Wk  startup_cm7.o [30]
InitRamEcc              0x1028'126b  0x100  Code  Lc  startup.o [30]
InitRamEccClearArea     0x1028'136b   0x12  Code  Lc  startup.o [30]
MemManage_Handler       0x1028'1c31         Code  Wk  startup_cm7.o [30]
NMI_Handler             0x1028'1c2d         Code  Wk  startup_cm7.o [30]
PendSV_Handler          0x1028'1c41         Code  Wk  startup_cm7.o [30]
Region$$Table$$Base     0x1028'1a84          --   Gb  - Linker created -
Region$$Table$$Limit    0x1028'1aa4          --   Gb  - Linker created -
Reset_Handler           0x1028'16d9         Code  Wk  startup_cm7.o [30]
SVC_Handler             0x1028'1b7d         Code  Wk  startup_cm7.o [30]
Startup_Init            0x1028'11dd   0x8e  Code  Gb  startup.o [30]
SysTick_Handler         0x1028'1c45         Code  Wk  startup_cm7.o [30]
SystemCoreClock         0x2808'07c4    0x4  Data  Gb  system_tviibh4m_cm7.o [21]
SystemCoreClockUpdate   0x1028'143d   0x94  Code  Gb  system_tviibh4m_cm7.o [21]
SystemInit              0x1028'13e1   0x5c  Code  Gb  system_tviibh4m_cm7.o [21]
UsageFault_Handler      0x1028'1c39         Code  Wk  startup_cm7.o [30]
__NVIC_ClearPendingIRQ  0x1028'1541   0x1c  Code  Lc  cy_interrupt_map.o [22]
__Vectors               0x1028'0000          --   Gb  startup_cm7.o [30]
__Vectors_End           0x1028'0080         Data  Gb  startup_cm7.o [30]
__Vectors_Size {Abs}           0x80          --   Gb  startup_cm7.o [30]
__aeabi_ldiv0           0x1028'0e1d         Code  Gb  I64DivZer.o [51]
__aeabi_memcpy4         0x1028'0a81         Code  Gb  ABImemcpy.o [51]
__aeabi_memcpy8         0x1028'0a81         Code  Gb  ABImemcpy.o [51]
__aeabi_memset          0x1028'0db5         Code  Gb  ABImemset.o [51]
__aeabi_uldivmod        0x1028'0b85         Code  Gb  I64DivMod.o [51]
__cmain                 0x1028'1af1         Code  Gb  cmain.o [51]
__ecc_init_dtcm_end_address {Abs}
                        0x2000'3fff         Data  Gb  <internal module>
__ecc_init_dtcm_start_address {Abs}
                        0x2000'0000         Data  Gb  <internal module>
__ecc_init_itcm_end_address {Abs}
                             0x3fff         Data  Gb  <internal module>
__ecc_init_itcm_start_address {Abs}
                                0x0         Data  Gb  <internal module>
__ecc_init_sram_end_address {Abs}
                        0x280b'ffff         Data  Gb  <internal module>
__ecc_init_sram_start_address {Abs}
                        0x2808'0000         Data  Gb  <internal module>
__exit                  0x1028'1b69   0x14  Code  Gb  exit.o [52]
__iar_Memset            0x1028'0db5         Code  Gb  ABImemset.o [51]
__iar_Memset_word       0x1028'0dbd         Code  Gb  ABImemset.o [51]
__iar_data_init3        0x1028'1a39   0x28  Code  Gb  data_init.o [51]
__iar_init_vfp          0x1028'1a61         Code  Gb  fpinit_M.o [50]
__iar_lz77_init_single3
                        0x1028'0b07   0x7e  Code  Gb  lz77_init_single.o [51]
__iar_program_start     0x1028'1b99         Code  Gb  cstartup_M.o [51]
__iar_zero_init3        0x1028'1a01   0x38  Code  Gb  zero_init3.o [51]
__low_level_init        0x1028'1b11         Code  Gb  startup_cm7.o [30]
__ramVectors            0x2808'0800         Data  Gb  startup_cm7.o [30]
__vector_table          0x1028'0000         Data  Gb  startup_cm7.o [30]
__vector_table_0x1c     0x1028'001c         Data  Gb  startup_cm7.o [30]
_call_main              0x1028'1afd         Code  Gb  cmain.o [51]
_exit                   0x1028'1b49         Code  Gb  cexit.o [51]
clock_init              0x1028'1b2d   0x16  Code  Gb  zf_common_clock.o [45]
cy_assertFileName       0x2808'0794   0x18  Data  Gb  cy_syslib.o [35]
cy_assertLine           0x2808'07c0    0x4  Data  Gb  cy_syslib.o [35]
cy_delay32kMs           0x2808'07d4    0x4  Data  Gb  system_tviibh4m_cm7.o [21]
cy_delayFreqHz          0x2808'07c8    0x4  Data  Gb  system_tviibh4m_cm7.o [21]
cy_delayFreqKhz         0x2808'07cc    0x4  Data  Gb  system_tviibh4m_cm7.o [21]
cy_delayFreqMhz         0x2808'07d0    0x4  Data  Gb  system_tviibh4m_cm7.o [21]
cy_faultFrame           0x2808'070c   0x70  Data  Gb  cy_syslib.o [35]
debug_info_init         0x1028'19db   0x18  Code  Gb  zf_common_debug.o [45]
debug_output_info       0x2808'07ac   0x14  Data  Lc  zf_common_debug.o [45]
debug_output_init       0x1028'19b1   0x2a  Code  Gb  zf_common_debug.o [45]
debug_output_struct_init
                        0x1028'1991   0x20  Code  Gb  zf_common_debug.o [45]
debug_uart_str_output   0x1028'1985    0xc  Code  Lc  zf_common_debug.o [45]
delay_clk               0x2808'0708    0x2  Data  Lc  zf_driver_delay.o [48]
divNumLocator           0x1028'1bf0    0x8  Data  Gb  cy_sysclk.o [32]
exit                    0x1028'1b29    0x4  Code  Gb  exit.o [49]
intFreqInitialized      0x2808'07e0    0x1  Data  Gb  cy_sysclk.o [32]
internalBaseFreqInfo    0x2808'077c   0x18  Data  Gb  cy_sysclk.o [32]
interrupt_global_enable
                        0x1028'1b55   0x10  Code  Gb  zf_common_interrupt.o [45]
interrupt_global_flag   0x2808'07dc    0x4  Data  Lc  zf_common_interrupt.o [45]
main                    0x1028'1b15   0x14  Code  Gb  main_cm7_1.o [44]
scb_module              0x2808'06ec   0x1c  Data  Gb  zf_driver_uart.o [48]
strncpy                 0x1028'0969         Code  Gb  strncpy.o [51]
system_clock            0x2808'07d8    0x4  Data  Gb  zf_common_clock.o [45]
system_delay_init       0x1028'0f85   0xa6  Code  Gb  zf_driver_delay.o [48]
timer_ch                0x2808'070a    0x1  Data  Lc  zf_driver_delay.o [48]
uart_write_byte         0x1028'17c5   0x28  Code  Gb  zf_driver_uart.o [48]
uart_write_string       0x1028'17ed   0x1c  Code  Gb  zf_driver_uart.o [48]
zf_debug_init_flag      0x2808'07e1    0x1  Data  Lc  zf_common_debug.o [45]


[1] = D:\google_remotely_save\long term project\car_compete\Coreboard_Demo\W02_uart_base\iar\Debug_m7_1\Obj\adc_11722776235721520015.dir
[2] = D:\google_remotely_save\long term project\car_compete\Coreboard_Demo\W02_uart_base\iar\Debug_m7_1\Obj\audioss_1346650047966882938.dir
[3] = D:\google_remotely_save\long term project\car_compete\Coreboard_Demo\W02_uart_base\iar\Debug_m7_1\Obj\button_4990804375159372270.dir
[4] = D:\google_remotely_save\long term project\car_compete\Coreboard_Demo\W02_uart_base\iar\Debug_m7_1\Obj\canfd_1800690984773873875.dir
[5] = D:\google_remotely_save\long term project\car_compete\Coreboard_Demo\W02_uart_base\iar\Debug_m7_1\Obj\cpu_15938736945165268644.dir
[6] = D:\google_remotely_save\long term project\car_compete\Coreboard_Demo\W02_uart_base\iar\Debug_m7_1\Obj\crypto_1190170608956581615.dir
[7] = D:\google_remotely_save\long term project\car_compete\Coreboard_Demo\W02_uart_base\iar\Debug_m7_1\Obj\dma_12106025507578611576.dir
[8] = D:\google_remotely_save\long term project\car_compete\Coreboard_Demo\W02_uart_base\iar\Debug_m7_1\Obj\eth_phy_18133017486186456677.dir
[9] = D:\google_remotely_save\long term project\car_compete\Coreboard_Demo\W02_uart_base\iar\Debug_m7_1\Obj\ethernet_6029839089178797009.dir
[10] = D:\google_remotely_save\long term project\car_compete\Coreboard_Demo\W02_uart_base\iar\Debug_m7_1\Obj\evtgen_3404189088603873129.dir
[11] = D:\google_remotely_save\long term project\car_compete\Coreboard_Demo\W02_uart_base\iar\Debug_m7_1\Obj\flash_8529866181315662935.dir
[12] = D:\google_remotely_save\long term project\car_compete\Coreboard_Demo\W02_uart_base\iar\Debug_m7_1\Obj\flash_864493325053435817.dir
[13] = D:\google_remotely_save\long term project\car_compete\Coreboard_Demo\W02_uart_base\iar\Debug_m7_1\Obj\gpio_3999404635324069351.dir
[14] = D:\google_remotely_save\long term project\car_compete\Coreboard_Demo\W02_uart_base\iar\Debug_m7_1\Obj\ipc_10145506163450686023.dir
[15] = D:\google_remotely_save\long term project\car_compete\Coreboard_Demo\W02_uart_base\iar\Debug_m7_1\Obj\lin_18429031207028094880.dir
[16] = D:\google_remotely_save\long term project\car_compete\Coreboard_Demo\W02_uart_base\iar\Debug_m7_1\Obj\lvd_6353935867039560245.dir
[17] = D:\google_remotely_save\long term project\car_compete\Coreboard_Demo\W02_uart_base\iar\Debug_m7_1\Obj\mcwdt_4052485907822033969.dir
[18] = D:\google_remotely_save\long term project\car_compete\Coreboard_Demo\W02_uart_base\iar\Debug_m7_1\Obj\mpu_5663187252346826382.dir
[19] = D:\google_remotely_save\long term project\car_compete\Coreboard_Demo\W02_uart_base\iar\Debug_m7_1\Obj\power_14453085144426420577.dir
[20] = D:\google_remotely_save\long term project\car_compete\Coreboard_Demo\W02_uart_base\iar\Debug_m7_1\Obj\prot_10722960861768657883.dir
[21] = D:\google_remotely_save\long term project\car_compete\Coreboard_Demo\W02_uart_base\iar\Debug_m7_1\Obj\rev_b_4986922561640112550.dir
[22] = D:\google_remotely_save\long term project\car_compete\Coreboard_Demo\W02_uart_base\iar\Debug_m7_1\Obj\rev_b_6162237342861132223.dir
[23] = D:\google_remotely_save\long term project\car_compete\Coreboard_Demo\W02_uart_base\iar\Debug_m7_1\Obj\scb_15490842639181808494.dir
[24] = D:\google_remotely_save\long term project\car_compete\Coreboard_Demo\W02_uart_base\iar\Debug_m7_1\Obj\sd_host_2982766354293506895.dir
[25] = D:\google_remotely_save\long term project\car_compete\Coreboard_Demo\W02_uart_base\iar\Debug_m7_1\Obj\semihosting_143864889731838620.dir
[26] = D:\google_remotely_save\long term project\car_compete\Coreboard_Demo\W02_uart_base\iar\Debug_m7_1\Obj\smartio_5451710003740070188.dir
[27] = D:\google_remotely_save\long term project\car_compete\Coreboard_Demo\W02_uart_base\iar\Debug_m7_1\Obj\smif_427648126384146252.dir
[28] = D:\google_remotely_save\long term project\car_compete\Coreboard_Demo\W02_uart_base\iar\Debug_m7_1\Obj\smif_mem_6470536964353725183.dir
[29] = D:\google_remotely_save\long term project\car_compete\Coreboard_Demo\W02_uart_base\iar\Debug_m7_1\Obj\srom_13018798572330080582.dir
[30] = D:\google_remotely_save\long term project\car_compete\Coreboard_Demo\W02_uart_base\iar\Debug_m7_1\Obj\startup_479057977785470282.dir
[31] = D:\google_remotely_save\long term project\car_compete\Coreboard_Demo\W02_uart_base\iar\Debug_m7_1\Obj\sw_timer_4215635015939382130.dir
[32] = D:\google_remotely_save\long term project\car_compete\Coreboard_Demo\W02_uart_base\iar\Debug_m7_1\Obj\sysclk_16149231235676103872.dir
[33] = D:\google_remotely_save\long term project\car_compete\Coreboard_Demo\W02_uart_base\iar\Debug_m7_1\Obj\sysflt_12293435975120599261.dir
[34] = D:\google_remotely_save\long term project\car_compete\Coreboard_Demo\W02_uart_base\iar\Debug_m7_1\Obj\sysint_7435970359207984181.dir
[35] = D:\google_remotely_save\long term project\car_compete\Coreboard_Demo\W02_uart_base\iar\Debug_m7_1\Obj\syslib_16330585751512546975.dir
[36] = D:\google_remotely_save\long term project\car_compete\Coreboard_Demo\W02_uart_base\iar\Debug_m7_1\Obj\syspm_10887939769544754770.dir
[37] = D:\google_remotely_save\long term project\car_compete\Coreboard_Demo\W02_uart_base\iar\Debug_m7_1\Obj\sysreghc_17676636058511625587.dir
[38] = D:\google_remotely_save\long term project\car_compete\Coreboard_Demo\W02_uart_base\iar\Debug_m7_1\Obj\sysreset_14586141425677365288.dir
[39] = D:\google_remotely_save\long term project\car_compete\Coreboard_Demo\W02_uart_base\iar\Debug_m7_1\Obj\sysrtc_10747768817563771611.dir
[40] = D:\google_remotely_save\long term project\car_compete\Coreboard_Demo\W02_uart_base\iar\Debug_m7_1\Obj\systick_16016591671695740695.dir
[41] = D:\google_remotely_save\long term project\car_compete\Coreboard_Demo\W02_uart_base\iar\Debug_m7_1\Obj\syswdt_9118657615806274156.dir
[42] = D:\google_remotely_save\long term project\car_compete\Coreboard_Demo\W02_uart_base\iar\Debug_m7_1\Obj\tcpwm_422923530147891246.dir
[43] = D:\google_remotely_save\long term project\car_compete\Coreboard_Demo\W02_uart_base\iar\Debug_m7_1\Obj\trigmux_9729677290734583340.dir
[44] = D:\google_remotely_save\long term project\car_compete\Coreboard_Demo\W02_uart_base\iar\Debug_m7_1\Obj\user_8514941877209965082.dir
[45] = D:\google_remotely_save\long term project\car_compete\Coreboard_Demo\W02_uart_base\iar\Debug_m7_1\Obj\zf_common_1201165462030747823.dir
[46] = D:\google_remotely_save\long term project\car_compete\Coreboard_Demo\W02_uart_base\iar\Debug_m7_1\Obj\zf_components_14936052685886095442.dir
[47] = D:\google_remotely_save\long term project\car_compete\Coreboard_Demo\W02_uart_base\iar\Debug_m7_1\Obj\zf_device_6570275422786408770.dir
[48] = D:\google_remotely_save\long term project\car_compete\Coreboard_Demo\W02_uart_base\iar\Debug_m7_1\Obj\zf_driver_11922370083829174090.dir
[49] = dl7M_tln.a
[50] = m7M_tlv.a
[51] = rt7M_tl.a
[52] = shb_l.a
[53] = zf_device_config.a

   6'754 bytes of readonly  code memory
     573 bytes of readonly  data memory
  10'337 bytes of readwrite data memory

Errors: none
Warnings: none
